Archive member included to satisfy reference by file (symbol)

C:/ST/STM32CubeIDE_1.14.0/STM32CubeIDE/plugins/com.st.stm32cube.ide.mcu.externaltools.gnu-tools-for-stm32.11.3.rel1.win32_1.1.100.202309141235/tools/bin/../lib/gcc/arm-none-eabi/11.3.1/../../../../arm-none-eabi/lib/thumb/v6-m/nofp\libc_nano.a(libc_a-exit.o)
                              C:/ST/STM32CubeIDE_1.14.0/STM32CubeIDE/plugins/com.st.stm32cube.ide.mcu.externaltools.gnu-tools-for-stm32.11.3.rel1.win32_1.1.100.202309141235/tools/bin/../lib/gcc/arm-none-eabi/11.3.1/../../../../arm-none-eabi/lib/thumb/v6-m/nofp/crt0.o (exit)
C:/ST/STM32CubeIDE_1.14.0/STM32CubeIDE/plugins/com.st.stm32cube.ide.mcu.externaltools.gnu-tools-for-stm32.11.3.rel1.win32_1.1.100.202309141235/tools/bin/../lib/gcc/arm-none-eabi/11.3.1/../../../../arm-none-eabi/lib/thumb/v6-m/nofp\libc_nano.a(libc_a-findfp.o)
                              C:/ST/STM32CubeIDE_1.14.0/STM32CubeIDE/plugins/com.st.stm32cube.ide.mcu.externaltools.gnu-tools-for-stm32.11.3.rel1.win32_1.1.100.202309141235/tools/bin/../lib/gcc/arm-none-eabi/11.3.1/../../../../arm-none-eabi/lib/thumb/v6-m/nofp\libc_nano.a(libc_a-exit.o) (__stdio_exit_handler)
C:/ST/STM32CubeIDE_1.14.0/STM32CubeIDE/plugins/com.st.stm32cube.ide.mcu.externaltools.gnu-tools-for-stm32.11.3.rel1.win32_1.1.100.202309141235/tools/bin/../lib/gcc/arm-none-eabi/11.3.1/../../../../arm-none-eabi/lib/thumb/v6-m/nofp\libc_nano.a(libc_a-fwalk.o)
                              C:/ST/STM32CubeIDE_1.14.0/STM32CubeIDE/plugins/com.st.stm32cube.ide.mcu.externaltools.gnu-tools-for-stm32.11.3.rel1.win32_1.1.100.202309141235/tools/bin/../lib/gcc/arm-none-eabi/11.3.1/../../../../arm-none-eabi/lib/thumb/v6-m/nofp\libc_nano.a(libc_a-findfp.o) (_fwalk_sglue)
C:/ST/STM32CubeIDE_1.14.0/STM32CubeIDE/plugins/com.st.stm32cube.ide.mcu.externaltools.gnu-tools-for-stm32.11.3.rel1.win32_1.1.100.202309141235/tools/bin/../lib/gcc/arm-none-eabi/11.3.1/../../../../arm-none-eabi/lib/thumb/v6-m/nofp\libc_nano.a(libc_a-puts.o)
                              ./Core/Src/main.o (puts)
C:/ST/STM32CubeIDE_1.14.0/STM32CubeIDE/plugins/com.st.stm32cube.ide.mcu.externaltools.gnu-tools-for-stm32.11.3.rel1.win32_1.1.100.202309141235/tools/bin/../lib/gcc/arm-none-eabi/11.3.1/../../../../arm-none-eabi/lib/thumb/v6-m/nofp\libc_nano.a(libc_a-stdio.o)
                              C:/ST/STM32CubeIDE_1.14.0/STM32CubeIDE/plugins/com.st.stm32cube.ide.mcu.externaltools.gnu-tools-for-stm32.11.3.rel1.win32_1.1.100.202309141235/tools/bin/../lib/gcc/arm-none-eabi/11.3.1/../../../../arm-none-eabi/lib/thumb/v6-m/nofp\libc_nano.a(libc_a-findfp.o) (__sread)
C:/ST/STM32CubeIDE_1.14.0/STM32CubeIDE/plugins/com.st.stm32cube.ide.mcu.externaltools.gnu-tools-for-stm32.11.3.rel1.win32_1.1.100.202309141235/tools/bin/../lib/gcc/arm-none-eabi/11.3.1/../../../../arm-none-eabi/lib/thumb/v6-m/nofp\libc_nano.a(libc_a-wbuf.o)
                              C:/ST/STM32CubeIDE_1.14.0/STM32CubeIDE/plugins/com.st.stm32cube.ide.mcu.externaltools.gnu-tools-for-stm32.11.3.rel1.win32_1.1.100.202309141235/tools/bin/../lib/gcc/arm-none-eabi/11.3.1/../../../../arm-none-eabi/lib/thumb/v6-m/nofp\libc_nano.a(libc_a-puts.o) (__swbuf_r)
C:/ST/STM32CubeIDE_1.14.0/STM32CubeIDE/plugins/com.st.stm32cube.ide.mcu.externaltools.gnu-tools-for-stm32.11.3.rel1.win32_1.1.100.202309141235/tools/bin/../lib/gcc/arm-none-eabi/11.3.1/../../../../arm-none-eabi/lib/thumb/v6-m/nofp\libc_nano.a(libc_a-wsetup.o)
                              C:/ST/STM32CubeIDE_1.14.0/STM32CubeIDE/plugins/com.st.stm32cube.ide.mcu.externaltools.gnu-tools-for-stm32.11.3.rel1.win32_1.1.100.202309141235/tools/bin/../lib/gcc/arm-none-eabi/11.3.1/../../../../arm-none-eabi/lib/thumb/v6-m/nofp\libc_nano.a(libc_a-puts.o) (__swsetup_r)
C:/ST/STM32CubeIDE_1.14.0/STM32CubeIDE/plugins/com.st.stm32cube.ide.mcu.externaltools.gnu-tools-for-stm32.11.3.rel1.win32_1.1.100.202309141235/tools/bin/../lib/gcc/arm-none-eabi/11.3.1/../../../../arm-none-eabi/lib/thumb/v6-m/nofp\libc_nano.a(libc_a-memset.o)
                              C:/ST/STM32CubeIDE_1.14.0/STM32CubeIDE/plugins/com.st.stm32cube.ide.mcu.externaltools.gnu-tools-for-stm32.11.3.rel1.win32_1.1.100.202309141235/tools/bin/../lib/gcc/arm-none-eabi/11.3.1/../../../../arm-none-eabi/lib/thumb/v6-m/nofp/crt0.o (memset)
C:/ST/STM32CubeIDE_1.14.0/STM32CubeIDE/plugins/com.st.stm32cube.ide.mcu.externaltools.gnu-tools-for-stm32.11.3.rel1.win32_1.1.100.202309141235/tools/bin/../lib/gcc/arm-none-eabi/11.3.1/../../../../arm-none-eabi/lib/thumb/v6-m/nofp\libc_nano.a(libc_a-closer.o)
                              C:/ST/STM32CubeIDE_1.14.0/STM32CubeIDE/plugins/com.st.stm32cube.ide.mcu.externaltools.gnu-tools-for-stm32.11.3.rel1.win32_1.1.100.202309141235/tools/bin/../lib/gcc/arm-none-eabi/11.3.1/../../../../arm-none-eabi/lib/thumb/v6-m/nofp\libc_nano.a(libc_a-stdio.o) (_close_r)
[...]
Memory Configuration

Name             Origin             Length             Attributes
RAM              0x0000000020000000 0x0000000000002000 xrw
FLASH            0x0000000008000000 0x0000000000008000 xr
*default*        0x0000000000000000 0xffffffffffffffff

Linker script and memory map

LOAD C:/ST/STM32CubeIDE_1.14.0/STM32CubeIDE/plugins/com.st.stm32cube.ide.mcu.externaltools.gnu-tools-for-stm32.11.3.rel1.win32_1.1.100.202309141235/tools/bin/../lib/gcc/arm-none-eabi/11.3.1/thumb/v6-m/nofp/crti.o
LOAD C:/ST/STM32CubeIDE_1.14.0/STM32CubeIDE/plugins/com.st.stm32cube.ide.mcu.externaltools.gnu-tools-for-stm32.11.3.rel1.win32_1.1.100.202309141235/tools/bin/../lib/gcc/arm-none-eabi/11.3.1/thumb/v6-m/nofp/crtbegin.o
LOAD C:/ST/STM32CubeIDE_1.14.0/STM32CubeIDE/plugins/com.st.stm32cube.ide.mcu.externaltools.gnu-tools-for-stm32.11.3.rel1.win32_1.1.100.202309141235/tools/bin/../lib/gcc/arm-none-eabi/11.3.1/../../../../arm-none-eabi/lib/thumb/v6-m/nofp/crt0.o
LOAD ./Core/Src/crc.o
LOAD ./Core/Src/gpio.o
LOAD ./Core/Src/i2c.o
LOAD ./Core/Src/main.o
LOAD ./Core/Src/stm32g0xx_it.o
LOAD ./Core/Src/syscalls.o
LOAD ./Core/Src/sysmem.o
LOAD ./Core/Src/system_stm32g0xx.o
LOAD ./Core/Src/usart.o
LOAD ./Core/Startup/startup_stm32g031f6px.o
LOAD ./Drivers/STM32G0xx_HAL_Driver/Src/stm32g0xx_ll_crc.o
LOAD ./Drivers/STM32G0xx_HAL_Driver/Src/stm32g0xx_ll_dma.o
LOAD ./Drivers/STM32G0xx_HAL_Driver/Src/stm32g0xx_ll_exti.o
LOAD ./Drivers/STM32G0xx_HAL_Driver/Src/stm32g0xx_ll_gpio.o
LOAD ./Drivers/STM32G0xx_HAL_Driver/Src/stm32g0xx_ll_i2c.o
LOAD ./Drivers/STM32G0xx_HAL_Driver/Src/stm32g0xx_ll_pwr.o
LOAD ./Drivers/STM32G0xx_HAL_Driver/Src/stm32g0xx_ll_rcc.o
LOAD ./Drivers/STM32G0xx_HAL_Driver/Src/stm32g0xx_ll_usart.o
LOAD ./Drivers/STM32G0xx_HAL_Driver/Src/stm32g0xx_ll_utils.o
START GROUP
LOAD C:/ST/STM32CubeIDE_1.14.0/STM32CubeIDE/plugins/com.st.stm32cube.ide.mcu.externaltools.gnu-tools-for-stm32.11.3.rel1.win32_1.1.100.202309141235/tools/bin/../lib/gcc/arm-none-eabi/11.3.1/../../../../arm-none-eabi/lib/thumb/v6-m/nofp\libc_nano.a
LOAD C:/ST/STM32CubeIDE_1.14.0/STM32CubeIDE/plugins/com.st.stm32cube.ide.mcu.externaltools.gnu-tools-for-stm32.11.3.rel1.win32_1.1.100.202309141235/tools/bin/../lib/gcc/arm-none-eabi/11.3.1/../../../../arm-none-eabi/lib/thumb/v6-m/nofp\libm.a
END GROUP
START GROUP
LOAD C:/ST/STM32CubeIDE_1.14.0/STM32CubeIDE/plugins/com.st.stm32cube.ide.mcu.externaltools.gnu-tools-for-stm32.11.3.rel1.win32_1.1.100.202309141235/tools/bin/../lib/gcc/arm-none-eabi/11.3.1/thumb/v6-m/nofp\libgcc.a
LOAD C:/ST/STM32CubeIDE_1.14.0/STM32CubeIDE/plugins/com.st.stm32cube.ide.mcu.externaltools.gnu-tools-for-stm32.11.3.rel1.win32_1.1.100.202309141235/tools/bin/../lib/gcc/arm-none-eabi/11.3.1/../../../../arm-none-eabi/lib/thumb/v6-m/nofp\libc_nano.a
END GROUP
START GROUP
LOAD C:/ST/STM32CubeIDE_1.14.0/STM32CubeIDE/plugins/com.st.stm32cube.ide.mcu.externaltools.gnu-tools-for-stm32.11.3.rel1.win32_1.1.100.202309141235/tools/bin/../lib/gcc/arm-none-eabi/11.3.1/thumb/v6-m/nofp\libgcc.a
LOAD C:/ST/STM32CubeIDE_1.14.0/STM32CubeIDE/plugins/com.st.stm32cube.ide.mcu.externaltools.gnu-tools-for-stm32.11.3.rel1.win32_1.1.100.202309141235/tools/bin/../lib/gcc/arm-none-eabi/11.3.1/../../../../arm-none-eabi/lib/thumb/v6-m/nofp\libc_nano.a
LOAD C:/ST/STM32CubeIDE_1.14.0/STM32CubeIDE/plugins/com.st.stm32cube.ide.mcu.externaltools.gnu-tools-for-stm32.11.3.rel1.win32_1.1.100.202309141235/tools/bin/../lib/gcc/arm-none-eabi/11.3.1/../../../../arm-none-eabi/lib/thumb/v6-m/nofp\libnosys.a
END GROUP
START GROUP
LOAD C:/ST/STM32CubeIDE_1.14.0/STM32CubeIDE/plugins/com.st.stm32cube.ide.mcu.externaltools.gnu-tools-for-stm32.11.3.rel1.win32_1.1.100.202309141235/tools/bin/../lib/gcc/arm-none-eabi/11.3.1/thumb/v6-m/nofp\libgcc.a
LOAD C:/ST/STM32CubeIDE_1.14.0/STM32CubeIDE/plugins/com.st.stm32cube.ide.mcu.externaltools.gnu-tools-for-stm32.11.3.rel1.win32_1.1.100.202309141235/tools/bin/../lib/gcc/arm-none-eabi/11.3.1/../../../../arm-none-eabi/lib/thumb/v6-m/nofp\libc_nano.a
LOAD C:/ST/STM32CubeIDE_1.14.0/STM32CubeIDE/plugins/com.st.stm32cube.ide.mcu.externaltools.gnu-tools-for-stm32.11.3.rel1.win32_1.1.100.202309141235/tools/bin/../lib/gcc/arm-none-eabi/11.3.1/../../../../arm-none-eabi/lib/thumb/v6-m/nofp\libnosys.a
END GROUP
LOAD C:/ST/STM32CubeIDE_1.14.0/STM32CubeIDE/plugins/com.st.stm32cube.ide.mcu.externaltools.gnu-tools-for-stm32.11.3.rel1.win32_1.1.100.202309141235/tools/bin/../lib/gcc/arm-none-eabi/11.3.1/thumb/v6-m/nofp/crtend.o
LOAD C:/ST/STM32CubeIDE_1.14.0/STM32CubeIDE/plugins/com.st.stm32cube.ide.mcu.externaltools.gnu-tools-for-stm32.11.3.rel1.win32_1.1.100.202309141235/tools/bin/../lib/gcc/arm-none-eabi/11.3.1/thumb/v6-m/nofp/crtn.o
                0x0000000020002000                _estack = (ORIGIN (RAM) + LENGTH (RAM))
                0x0000000000000200                _Min_Heap_Size = 0x200
                0x0000000000000400                _Min_Stack_Size = 0x400

.isr_vector     0x0000000008000000       0xbc
                0x0000000008000000                . = ALIGN (0x4)
 *(.isr_vector)
 .isr_vector    0x0000000008000000       0xbc ./Core/Startup/startup_stm32g031f6px.o
                0x0000000008000000                g_pfnVectors
                0x00000000080000bc                . = ALIGN (0x4)

.text           0x00000000080000bc     0x22d4
                0x00000000080000bc                . = ALIGN (0x4)
 *(.text)
 .text          0x00000000080000bc       0x48 C:/ST/STM32CubeIDE_1.14.0/STM32CubeIDE/plugins/com.st.stm32cube.ide.mcu.externaltools.gnu-tools-for-stm32.11.3.rel1.win32_1.1.100.202309141235/tools/bin/../lib/gcc/arm-none-eabi/11.3.1/thumb/v6-m/nofp/crtbegin.o
 .text          0x0000000008000104      0x114 C:/ST/STM32CubeIDE_1.14.0/STM32CubeIDE/plugins/com.st.stm32cube.ide.mcu.externaltools.gnu-tools-for-stm32.11.3.rel1.win32_1.1.100.202309141235/tools/bin/../lib/gcc/arm-none-eabi/11.3.1/thumb/v6-m/nofp\libgcc.a(_udivsi3.o)
                0x0000000008000104                __aeabi_uidiv
                0x0000000008000104                __udivsi3
                0x0000000008000210                __aeabi_uidivmod
 .text          0x0000000008000218        0x4 C:/ST/STM32CubeIDE_1.14.0/STM32CubeIDE/plugins/com.st.stm32cube.ide.mcu.externaltools.gnu-tools-for-stm32.11.3.rel1.win32_1.1.100.202309141235/tools/bin/../lib/gcc/arm-none-eabi/11.3.1/thumb/v6-m/nofp\libgcc.a(_dvmd_tls.o)
                0x0000000008000218                __aeabi_idiv0
                0x0000000008000218                __aeabi_ldiv0
 *(.text*)
 .text.LL_CRC_SetPolynomialSize
                0x000000000800021c       0x24 ./Core/Src/crc.o
 .text.LL_CRC_SetInputDataReverseMode
                0x0000000008000240       0x24 ./Core/Src/crc.o
 .text.LL_CRC_SetOutputDataReverseMode
                0x0000000008000264       0x24 ./Core/Src/crc.o
 .text.LL_CRC_SetInitialData
                0x0000000008000288       0x18 ./Core/Src/crc.o
 .text.LL_CRC_SetPolynomialCoef
                0x00000000080002a0       0x18 ./Core/Src/crc.o
 .text.LL_AHB1_GRP1_EnableClock
                0x00000000080002b8       0x2c ./Core/Src/crc.o
 .text.MX_CRC_Init
                0x00000000080002e4       0x54 ./Core/Src/crc.o
                0x00000000080002e4                MX_CRC_Init
 .text.LL_IOP_GRP1_EnableClock
                0x0000000008000338       0x2c ./Core/Src/gpio.o
 .text.LL_GPIO_ResetOutputPin
                0x0000000008000364       0x18 ./Core/Src/gpio.o
 .text.MX_GPIO_Init
                0x000000000800037c       0xa4 ./Core/Src/gpio.o
                0x000000000800037c                MX_GPIO_Init
 .text.LL_I2C_EnableClockStretching
                0x0000000008000420       0x20 ./Core/Src/i2c.o
 .text.LL_I2C_DisableGeneralCall
                0x0000000008000440       0x20 ./Core/Src/i2c.o
 .text.LL_I2C_SetOwnAddress2
                0x0000000008000460       0x2c ./Core/Src/i2c.o
 .text.LL_I2C_DisableOwnAddress2
                0x000000000800048c       0x20 ./Core/Src/i2c.o
 .text.LL_I2C_EnableAutoEndMode
                0x00000000080004ac       0x1e ./Core/Src/i2c.o
 *fill*         0x00000000080004ca        0x2 
 .text.LL_APB1_GRP1_EnableClock
                0x00000000080004cc       0x2c ./Core/Src/i2c.o
 .text.LL_IOP_GRP1_EnableClock
                0x00000000080004f8       0x2c ./Core/Src/i2c.o
 .text.MX_I2C2_Init
                0x0000000008000524      0x110 ./Core/Src/i2c.o
                0x0000000008000524                MX_I2C2_Init
 .text.__NVIC_SetPriority
                0x0000000008000634       0xdc ./Core/Src/main.o
 .text.LL_RCC_HSI_Enable
                0x0000000008000710       0x1c ./Core/Src/main.o
 .text.LL_RCC_HSI_IsReady
                0x000000000800072c       0x28 ./Core/Src/main.o
 .text.LL_RCC_SetSysClkSource
                0x0000000008000754       0x28 ./Core/Src/main.o
 .text.LL_RCC_GetSysClkSource
                0x000000000800077c       0x18 ./Core/Src/main.o
 .text.LL_RCC_SetAHBPrescaler
                0x0000000008000794       0x2c ./Core/Src/main.o
 .text.LL_RCC_SetAPB1Prescaler
                0x00000000080007c0       0x2c ./Core/Src/main.o
 .text.LL_RCC_PLL_Enable
                0x00000000080007ec       0x1c ./Core/Src/main.o
 .text.LL_RCC_PLL_IsReady
                0x0000000008000808       0x28 ./Core/Src/main.o
 .text.LL_RCC_PLL_ConfigDomain_SYS
                0x0000000008000830       0x40 ./Core/Src/main.o
 .text.LL_RCC_PLL_EnableDomain_SYS
                0x0000000008000870       0x1c ./Core/Src/main.o
 .text.LL_APB1_GRP1_EnableClock
                0x000000000800088c       0x2c ./Core/Src/main.o
 .text.LL_APB2_GRP1_EnableClock
                0x00000000080008b8       0x2c ./Core/Src/main.o
 .text.LL_FLASH_SetLatency
                0x00000000080008e4       0x28 ./Core/Src/main.o
 .text.LL_FLASH_GetLatency
                0x000000000800090c       0x18 ./Core/Src/main.o
 .text.LL_USART_IsActiveFlag_TC
                0x0000000008000924       0x22 ./Core/Src/main.o
 .text.LL_USART_IsActiveFlag_TXE_TXFNF
                0x0000000008000946       0x22 ./Core/Src/main.o
 .text.LL_USART_ClearFlag_TC
                0x0000000008000968       0x16 ./Core/Src/main.o
 .text.LL_USART_TransmitData8
                0x000000000800097e       0x1e ./Core/Src/main.o
 .text.LL_GPIO_TogglePin
                0x000000000800099c       0x2e ./Core/Src/main.o
 *fill*         0x00000000080009ca        0x2 
 .text.__io_putchar
                0x00000000080009cc       0x48 ./Core/Src/main.o
                0x00000000080009cc                __io_putchar
 .text.main     0x0000000008000a14       0x58 ./Core/Src/main.o
                0x0000000008000a14                main
 .text.SystemClock_Config
                0x0000000008000a6c       0x80 ./Core/Src/main.o
                0x0000000008000a6c                SystemClock_Config
 .text.NMI_Handler
                0x0000000008000aec        0x6 ./Core/Src/stm32g0xx_it.o
                0x0000000008000aec                NMI_Handler
 .text.HardFault_Handler
                0x0000000008000af2        0x6 ./Core/Src/stm32g0xx_it.o
                0x0000000008000af2                HardFault_Handler
 .text.SVC_Handler
                0x0000000008000af8        0xa ./Core/Src/stm32g0xx_it.o
                0x0000000008000af8                SVC_Handler
 .text.PendSV_Handler
                0x0000000008000b02        0xa ./Core/Src/stm32g0xx_it.o
                0x0000000008000b02                PendSV_Handler
 .text.SysTick_Handler
                0x0000000008000b0c        0xa ./Core/Src/stm32g0xx_it.o
                0x0000000008000b0c                SysTick_Handler
 .text._read    0x0000000008000b16       0x3a ./Core/Src/syscalls.o
                0x0000000008000b16                _read
 .text._write   0x0000000008000b50       0x38 ./Core/Src/syscalls.o
                0x0000000008000b50                _write
 .text._close   0x0000000008000b88       0x14 ./Core/Src/syscalls.o
                0x0000000008000b88                _close
 .text._fstat   0x0000000008000b9c       0x1c ./Core/Src/syscalls.o
                0x0000000008000b9c                _fstat
 .text._isatty  0x0000000008000bb8       0x12 ./Core/Src/syscalls.o
                0x0000000008000bb8                _isatty
 .text._lseek   0x0000000008000bca       0x16 ./Core/Src/syscalls.o
                0x0000000008000bca                _lseek
 .text._sbrk    0x0000000008000be0       0x6c ./Core/Src/sysmem.o
                0x0000000008000be0                _sbrk
 .text.SystemInit
                0x0000000008000c4c        0xa ./Core/Src/system_stm32g0xx.o
                0x0000000008000c4c                SystemInit
 *fill*         0x0000000008000c56        0x2 
 .text.LL_RCC_SetUSARTClockSource
                0x0000000008000c58       0x30 ./Core/Src/usart.o
 .text.LL_APB2_GRP1_EnableClock
                0x0000000008000c88       0x2c ./Core/Src/usart.o
 .text.LL_IOP_GRP1_EnableClock
                0x0000000008000cb4       0x2c ./Core/Src/usart.o
 .text.LL_USART_Enable
                0x0000000008000ce0       0x1c ./Core/Src/usart.o
 .text.LL_USART_DisableFIFO
                0x0000000008000cfc       0x20 ./Core/Src/usart.o
 .text.LL_USART_SetTXFIFOThreshold
                0x0000000008000d1c       0x46 ./Core/Src/usart.o
 *fill*         0x0000000008000d62        0x2 
 .text.LL_USART_SetRXFIFOThreshold
                0x0000000008000d64       0x4c ./Core/Src/usart.o
 .text.LL_USART_ConfigAsyncMode
                0x0000000008000db0       0x30 ./Core/Src/usart.o
 .text.LL_USART_IsActiveFlag_TEACK
                0x0000000008000de0       0x28 ./Core/Src/usart.o
 .text.LL_USART_IsActiveFlag_REACK
                0x0000000008000e08       0x28 ./Core/Src/usart.o
 .text.MX_USART1_UART_Init
                0x0000000008000e30      0x138 ./Core/Src/usart.o
                0x0000000008000e30                MX_USART1_UART_Init
 .text.Reset_Handler
                0x0000000008000f68       0x50 ./Core/Startup/startup_stm32g031f6px.o
                0x0000000008000f68                Reset_Handler
 .text.Default_Handler
                0x0000000008000fb8        0x2 ./Core/Startup/startup_stm32g031f6px.o
                0x0000000008000fb8                TIM1_CC_IRQHandler
                0x0000000008000fb8                PVD_IRQHandler
                0x0000000008000fb8                I2C1_IRQHandler
                0x0000000008000fb8                LPTIM2_IRQHandler
                0x0000000008000fb8                RTC_TAMP_IRQHandler
                0x0000000008000fb8                SPI1_IRQHandler
                0x0000000008000fb8                DMA1_Ch4_5_DMAMUX1_OVR_IRQHandler
                0x0000000008000fb8                EXTI2_3_IRQHandler
                0x0000000008000fb8                ADC1_IRQHandler
                0x0000000008000fb8                I2C2_IRQHandler
                0x0000000008000fb8                TIM17_IRQHandler
                0x0000000008000fb8                TIM16_IRQHandler
                0x0000000008000fb8                TIM3_IRQHandler
                0x0000000008000fb8                EXTI4_15_IRQHandler
                0x0000000008000fb8                RCC_IRQHandler
                0x0000000008000fb8                DMA1_Channel1_IRQHandler
                0x0000000008000fb8                Default_Handler
                0x0000000008000fb8                TIM14_IRQHandler
                0x0000000008000fb8                EXTI0_1_IRQHandler
                0x0000000008000fb8                SPI2_IRQHandler
                0x0000000008000fb8                WWDG_IRQHandler
                0x0000000008000fb8                LPUART1_IRQHandler
                0x0000000008000fb8                TIM2_IRQHandler
                0x0000000008000fb8                DMA1_Channel2_3_IRQHandler
                0x0000000008000fb8                USART2_IRQHandler
                0x0000000008000fb8                FLASH_IRQHandler
                0x0000000008000fb8                USART1_IRQHandler
                0x0000000008000fb8                TIM1_BRK_UP_TRG_COM_IRQHandler
                0x0000000008000fb8                LPTIM1_IRQHandler
 .text.LL_GPIO_SetPinMode
                0x0000000008000fba       0x38 ./Drivers/STM32G0xx_HAL_Driver/Src/stm32g0xx_ll_gpio.o
 .text.LL_GPIO_SetPinOutputType
                0x0000000008000ff2       0x2a ./Drivers/STM32G0xx_HAL_Driver/Src/stm32g0xx_ll_gpio.o
 .text.LL_GPIO_SetPinSpeed
                0x000000000800101c       0x38 ./Drivers/STM32G0xx_HAL_Driver/Src/stm32g0xx_ll_gpio.o
 .text.LL_GPIO_SetPinPull
                0x0000000008001054       0x38 ./Drivers/STM32G0xx_HAL_Driver/Src/stm32g0xx_ll_gpio.o
 .text.LL_GPIO_SetAFPin_0_7
                0x000000000800108c       0x46 ./Drivers/STM32G0xx_HAL_Driver/Src/stm32g0xx_ll_gpio.o
 .text.LL_GPIO_SetAFPin_8_15
                0x00000000080010d2       0x5a ./Drivers/STM32G0xx_HAL_Driver/Src/stm32g0xx_ll_gpio.o
 .text.LL_GPIO_Init
                0x000000000800112c       0xb6 ./Drivers/STM32G0xx_HAL_Driver/Src/stm32g0xx_ll_gpio.o
                0x000000000800112c                LL_GPIO_Init
 .text.LL_I2C_Enable
                0x00000000080011e2       0x1c ./Drivers/STM32G0xx_HAL_Driver/Src/stm32g0xx_ll_i2c.o
 .text.LL_I2C_Disable
                0x00000000080011fe       0x1e ./Drivers/STM32G0xx_HAL_Driver/Src/stm32g0xx_ll_i2c.o
 .text.LL_I2C_ConfigFilters
                0x000000000800121c       0x30 ./Drivers/STM32G0xx_HAL_Driver/Src/stm32g0xx_ll_i2c.o
 .text.LL_I2C_SetOwnAddress1
                0x000000000800124c       0x28 ./Drivers/STM32G0xx_HAL_Driver/Src/stm32g0xx_ll_i2c.o
 .text.LL_I2C_EnableOwnAddress1
                0x0000000008001274       0x1e ./Drivers/STM32G0xx_HAL_Driver/Src/stm32g0xx_ll_i2c.o
 *fill*         0x0000000008001292        0x2 
 .text.LL_I2C_DisableOwnAddress1
                0x0000000008001294       0x20 ./Drivers/STM32G0xx_HAL_Driver/Src/stm32g0xx_ll_i2c.o
 .text.LL_I2C_SetTiming
                0x00000000080012b4       0x18 ./Drivers/STM32G0xx_HAL_Driver/Src/stm32g0xx_ll_i2c.o
 .text.LL_I2C_SetMode
                0x00000000080012cc       0x28 ./Drivers/STM32G0xx_HAL_Driver/Src/stm32g0xx_ll_i2c.o
 .text.LL_I2C_AcknowledgeNextData
                0x00000000080012f4       0x28 ./Drivers/STM32G0xx_HAL_Driver/Src/stm32g0xx_ll_i2c.o
 .text.LL_I2C_Init
                0x000000000800131c       0x86 ./Drivers/STM32G0xx_HAL_Driver/Src/stm32g0xx_ll_i2c.o
                0x000000000800131c                LL_I2C_Init
 *fill*         0x00000000080013a2        0x2 
 .text.LL_RCC_HSI_IsReady
                0x00000000080013a4       0x28 ./Drivers/STM32G0xx_HAL_Driver/Src/stm32g0xx_ll_rcc.o
 .text.LL_RCC_LSE_IsReady
                0x00000000080013cc       0x20 ./Drivers/STM32G0xx_HAL_Driver/Src/stm32g0xx_ll_rcc.o
 .text.LL_RCC_GetSysClkSource
                0x00000000080013ec       0x18 ./Drivers/STM32G0xx_HAL_Driver/Src/stm32g0xx_ll_rcc.o
 .text.LL_RCC_GetAHBPrescaler
                0x0000000008001404       0x18 ./Drivers/STM32G0xx_HAL_Driver/Src/stm32g0xx_ll_rcc.o
 .text.LL_RCC_GetAPB1Prescaler
                0x000000000800141c       0x18 ./Drivers/STM32G0xx_HAL_Driver/Src/stm32g0xx_ll_rcc.o
 .text.LL_RCC_GetUSARTClockSource
                0x0000000008001434       0x24 ./Drivers/STM32G0xx_HAL_Driver/Src/stm32g0xx_ll_rcc.o
 .text.LL_RCC_PLL_GetN
                0x0000000008001458       0x18 ./Drivers/STM32G0xx_HAL_Driver/Src/stm32g0xx_ll_rcc.o
 .text.LL_RCC_PLL_GetR
                0x0000000008001470       0x18 ./Drivers/STM32G0xx_HAL_Driver/Src/stm32g0xx_ll_rcc.o
 .text.LL_RCC_PLL_GetMainSource
                0x0000000008001488       0x18 ./Drivers/STM32G0xx_HAL_Driver/Src/stm32g0xx_ll_rcc.o
 .text.LL_RCC_PLL_GetDivider
                0x00000000080014a0       0x18 ./Drivers/STM32G0xx_HAL_Driver/Src/stm32g0xx_ll_rcc.o
 .text.LL_RCC_GetSystemClocksFreq
                0x00000000080014b8       0x3a ./Drivers/STM32G0xx_HAL_Driver/Src/stm32g0xx_ll_rcc.o
                0x00000000080014b8                LL_RCC_GetSystemClocksFreq
 *fill*         0x00000000080014f2        0x2 
 .text.LL_RCC_GetUSARTClockFreq
                0x00000000080014f4       0x9c ./Drivers/STM32G0xx_HAL_Driver/Src/stm32g0xx_ll_rcc.o
                0x00000000080014f4                LL_RCC_GetUSARTClockFreq
 .text.RCC_GetSystemClockFreq
                0x0000000008001590       0x5c ./Drivers/STM32G0xx_HAL_Driver/Src/stm32g0xx_ll_rcc.o
 .text.RCC_GetHCLKClockFreq
                0x00000000080015ec       0x30 ./Drivers/STM32G0xx_HAL_Driver/Src/stm32g0xx_ll_rcc.o
 .text.RCC_GetPCLK1ClockFreq
                0x000000000800161c       0x2c ./Drivers/STM32G0xx_HAL_Driver/Src/stm32g0xx_ll_rcc.o
 .text.RCC_PLL_GetFreqDomain_SYS
                0x0000000008001648       0x74 ./Drivers/STM32G0xx_HAL_Driver/Src/stm32g0xx_ll_rcc.o
 .text.LL_USART_IsEnabled
                0x00000000080016bc       0x22 ./Drivers/STM32G0xx_HAL_Driver/Src/stm32g0xx_ll_usart.o
 .text.LL_USART_SetPrescaler
                0x00000000080016de       0x24 ./Drivers/STM32G0xx_HAL_Driver/Src/stm32g0xx_ll_usart.o
 *fill*         0x0000000008001702        0x2 
 .text.LL_USART_SetStopBitsLength
                0x0000000008001704       0x28 ./Drivers/STM32G0xx_HAL_Driver/Src/stm32g0xx_ll_usart.o
 .text.LL_USART_SetHWFlowCtrl
                0x000000000800172c       0x28 ./Drivers/STM32G0xx_HAL_Driver/Src/stm32g0xx_ll_usart.o
 .text.LL_USART_SetBaudRate
                0x0000000008001754       0xb4 ./Drivers/STM32G0xx_HAL_Driver/Src/stm32g0xx_ll_usart.o
 .text.LL_USART_Init
                0x0000000008001808       0xe4 ./Drivers/STM32G0xx_HAL_Driver/Src/stm32g0xx_ll_usart.o
                0x0000000008001808                LL_USART_Init
 .text.LL_InitTick
                0x00000000080018ec       0x34 ./Drivers/STM32G0xx_HAL_Driver/Src/stm32g0xx_ll_utils.o
 .text.LL_Init1msTick
                0x0000000008001920       0x1e ./Drivers/STM32G0xx_HAL_Driver/Src/stm32g0xx_ll_utils.o
                0x0000000008001920                LL_Init1msTick
 *fill*         0x000000000800193e        0x2 
 .text.LL_mDelay
                0x0000000008001940       0x48 ./Drivers/STM32G0xx_HAL_Driver/Src/stm32g0xx_ll_utils.o
                0x0000000008001940                LL_mDelay
 .text.LL_SetSystemCoreClock
                0x0000000008001988       0x1c ./Drivers/STM32G0xx_HAL_Driver/Src/stm32g0xx_ll_utils.o
                0x0000000008001988                LL_SetSystemCoreClock
 .text.std      0x00000000080019a4       0x6c C:/ST/STM32CubeIDE_1.14.0/STM32CubeIDE/plugins/com.st.stm32cube.ide.mcu.externaltools.gnu-tools-for-stm32.11.3.rel1.win32_1.1.100.202309141235/tools/bin/../lib/gcc/arm-none-eabi/11.3.1/../../../../arm-none-eabi/lib/thumb/v6-m/nofp\libc_nano.a(libc_a-findfp.o)
 .text.stdio_exit_handler
                0x0000000008001a10       0x1c C:/ST/STM32CubeIDE_1.14.0/STM32CubeIDE/plugins/com.st.stm32cube.ide.mcu.externaltools.gnu-tools-for-stm32.11.3.rel1.win32_1.1.100.202309141235/tools/bin/../lib/gcc/arm-none-eabi/11.3.1/../../../../arm-none-eabi/lib/thumb/v6-m/nofp\libc_nano.a(libc_a-findfp.o)
 .text.cleanup_stdio
                0x0000000008001a2c       0x3c C:/ST/STM32CubeIDE_1.14.0/STM32CubeIDE/plugins/com.st.stm32cube.ide.mcu.externaltools.gnu-tools-for-stm32.11.3.rel1.win32_1.1.100.202309141235/tools/bin/../lib/gcc/arm-none-eabi/11.3.1/../../../../arm-none-eabi/lib/thumb/v6-m/nofp\libc_nano.a(libc_a-findfp.o)
 .text.global_stdio_init.part.0
                0x0000000008001a68       0x3c C:/ST/STM32CubeIDE_1.14.0/STM32CubeIDE/plugins/com.st.stm32cube.ide.mcu.externaltools.gnu-tools-for-stm32.11.3.rel1.win32_1.1.100.202309141235/tools/bin/../lib/gcc/arm-none-eabi/11.3.1/../../../../arm-none-eabi/lib/thumb/v6-m/nofp\libc_nano.a(libc_a-findfp.o)
 .text.__sfp_lock_acquire
                0x0000000008001aa4       0x10 C:/ST/STM32CubeIDE_1.14.0/STM32CubeIDE/plugins/com.st.stm32cube.ide.mcu.externaltools.gnu-tools-for-stm32.11.3.rel1.win32_1.1.100.202309141235/tools/bin/../lib/gcc/arm-none-eabi/11.3.1/../../../../arm-none-eabi/lib/thumb/v6-m/nofp\libc_nano.a(libc_a-findfp.o)
                0x0000000008001aa4                __sfp_lock_acquire
 .text.__sfp_lock_release
                0x0000000008001ab4       0x10 C:/ST/STM32CubeIDE_1.14.0/STM32CubeIDE/plugins/com.st.stm32cube.ide.mcu.externaltools.gnu-tools-for-stm32.11.3.rel1.win32_1.1.100.202309141235/tools/bin/../lib/gcc/arm-none-eabi/11.3.1/../../../../arm-none-eabi/lib/thumb/v6-m/nofp\libc_nano.a(libc_a-findfp.o)
                0x0000000008001ab4                __sfp_lock_release
 .text.__sinit  0x0000000008001ac4       0x30 C:/ST/STM32CubeIDE_1.14.0/STM32CubeIDE/plugins/com.st.stm32cube.ide.mcu.externaltools.gnu-tools-for-stm32.11.3.rel1.win32_1.1.100.202309141235/tools/bin/../lib/gcc/arm-none-eabi/11.3.1/../../../../arm-none-eabi/lib/thumb/v6-m/nofp\libc_nano.a(libc_a-findfp.o)
                0x0000000008001ac4                __sinit
 .text._fwalk_sglue
                0x0000000008001af4       0x38 C:/ST/STM32CubeIDE_1.14.0/STM32CubeIDE/plugins/com.st.stm32cube.ide.mcu.externaltools.gnu-tools-for-stm32.11.3.rel1.win32_1.1.100.202309141235/tools/bin/../lib/gcc/arm-none-eabi/11.3.1/../../../../arm-none-eabi/lib/thumb/v6-m/nofp\libc_nano.a(libc_a-fwalk.o)
                0x0000000008001af4                _fwalk_sglue
 .text._puts_r  0x0000000008001b2c       0xac C:/ST/STM32CubeIDE_1.14.0/STM32CubeIDE/plugins/com.st.stm32cube.ide.mcu.externaltools.gnu-tools-for-stm32.11.3.rel1.win32_1.1.100.202309141235/tools/bin/../lib/gcc/arm-none-eabi/11.3.1/../../../../arm-none-eabi/lib/thumb/v6-m/nofp\libc_nano.a(libc_a-puts.o)
                0x0000000008001b2c                _puts_r
 .text.puts     0x0000000008001bd8       0x14 C:/ST/STM32CubeIDE_1.14.0/STM32CubeIDE/plugins/com.st.stm32cube.ide.mcu.externaltools.gnu-tools-for-stm32.11.3.rel1.win32_1.1.100.202309141235/tools/bin/../lib/gcc/arm-none-eabi/11.3.1/../../../../arm-none-eabi/lib/thumb/v6-m/nofp\libc_nano.a(libc_a-puts.o)
                0x0000000008001bd8                puts
 .text.__sread  0x0000000008001bec       0x28 C:/ST/STM32CubeIDE_1.14.0/STM32CubeIDE/plugins/com.st.stm32cube.ide.mcu.externaltools.gnu-tools-for-stm32.11.3.rel1.win32_1.1.100.202309141235/tools/bin/../lib/gcc/arm-none-eabi/11.3.1/../../../../arm-none-eabi/lib/thumb/v6-m/nofp\libc_nano.a(libc_a-stdio.o)
                0x0000000008001bec                __sread
 .text.__swrite
                0x0000000008001c14       0x38 C:/ST/STM32CubeIDE_1.14.0/STM32CubeIDE/plugins/com.st.stm32cube.ide.mcu.externaltools.gnu-tools-for-stm32.11.3.rel1.win32_1.1.100.202309141235/tools/bin/../lib/gcc/arm-none-eabi/11.3.1/../../../../arm-none-eabi/lib/thumb/v6-m/nofp\libc_nano.a(libc_a-stdio.o)
                0x0000000008001c14                __swrite
 .text.__sseek  0x0000000008001c4c       0x2c C:/ST/STM32CubeIDE_1.14.0/STM32CubeIDE/plugins/com.st.stm32cube.ide.mcu.externaltools.gnu-tools-for-stm32.11.3.rel1.win32_1.1.100.202309141235/tools/bin/../lib/gcc/arm-none-eabi/11.3.1/../../../../arm-none-eabi/lib/thumb/v6-m/nofp\libc_nano.a(libc_a-stdio.o)
                0x0000000008001c4c                __sseek
 .text.__sclose
                0x0000000008001c78        0xc C:/ST/STM32CubeIDE_1.14.0/STM32CubeIDE/plugins/com.st.stm32cube.ide.mcu.externaltools.gnu-tools-for-stm32.11.3.rel1.win32_1.1.100.202309141235/tools/bin/../lib/gcc/arm-none-eabi/11.3.1/../../../../arm-none-eabi/lib/thumb/v6-m/nofp\libc_nano.a(libc_a-stdio.o)
                0x0000000008001c78                __sclose
 .text.__swbuf_r
                0x0000000008001c84       0x84 C:/ST/STM32CubeIDE_1.14.0/STM32CubeIDE/plugins/com.st.stm32cube.ide.mcu.externaltools.gnu-tools-for-stm32.11.3.rel1.win32_1.1.100.202309141235/tools/bin/../lib/gcc/arm-none-eabi/11.3.1/../../../../arm-none-eabi/lib/thumb/v6-m/nofp\libc_nano.a(libc_a-wbuf.o)
                0x0000000008001c84                __swbuf_r
 .text.__swsetup_r
                0x0000000008001d08       0xc8 C:/ST/STM32CubeIDE_1.14.0/STM32CubeIDE/plugins/com.st.stm32cube.ide.mcu.externaltools.gnu-tools-for-stm32.11.3.rel1.win32_1.1.100.202309141235/tools/bin/../lib/gcc/arm-none-eabi/11.3.1/../../../../arm-none-eabi/lib/thumb/v6-m/nofp\libc_nano.a(libc_a-wsetup.o)
                0x0000000008001d08                __swsetup_r
 .text.memset   0x0000000008001dd0       0x10 C:/ST/STM32CubeIDE_1.14.0/STM32CubeIDE/plugins/com.st.stm32cube.ide.mcu.externaltools.gnu-tools-for-stm32.11.3.rel1.win32_1.1.100.202309141235/tools/bin/../lib/gcc/arm-none-eabi/11.3.1/../../../../arm-none-eabi/lib/thumb/v6-m/nofp\libc_nano.a(libc_a-memset.o)
                0x0000000008001dd0                memset
 .text._close_r
                0x0000000008001de0       0x24 C:/ST/STM32CubeIDE_1.14.0/STM32CubeIDE/plugins/com.st.stm32cube.ide.mcu.externaltools.gnu-tools-for-stm32.11.3.rel1.win32_1.1.100.202309141235/tools/bin/../lib/gcc/arm-none-eabi/11.3.1/../../../../arm-none-eabi/lib/thumb/v6-m/nofp\libc_nano.a(libc_a-closer.o)
                0x0000000008001de0                _close_r
 .text._lseek_r
                0x0000000008001e04       0x28 C:/ST/STM32CubeIDE_1.14.0/STM32CubeIDE/plugins/com.st.stm32cube.ide.mcu.externaltools.gnu-tools-for-stm32.11.3.rel1.win32_1.1.100.202309141235/tools/bin/../lib/gcc/arm-none-eabi/11.3.1/../../../../arm-none-eabi/lib/thumb/v6-m/nofp\libc_nano.a(libc_a-lseekr.o)
                0x0000000008001e04                _lseek_r
 .text._read_r  0x0000000008001e2c       0x28 C:/ST/STM32CubeIDE_1.14.0/STM32CubeIDE/plugins/com.st.stm32cube.ide.mcu.externaltools.gnu-tools-for-stm32.11.3.rel1.win32_1.1.100.202309141235/tools/bin/../lib/gcc/arm-none-eabi/11.3.1/../../../../arm-none-eabi/lib/thumb/v6-m/nofp\libc_nano.a(libc_a-readr.o)
                0x0000000008001e2c                _read_r
 .text._write_r
                0x0000000008001e54       0x28 C:/ST/STM32CubeIDE_1.14.0/STM32CubeIDE/plugins/com.st.stm32cube.ide.mcu.externaltools.gnu-tools-for-stm32.11.3.rel1.win32_1.1.100.202309141235/tools/bin/../lib/gcc/arm-none-eabi/11.3.1/../../../../arm-none-eabi/lib/thumb/v6-m/nofp\libc_nano.a(libc_a-writer.o)
                0x0000000008001e54                _write_r
 .text.__errno  0x0000000008001e7c        0xc C:/ST/STM32CubeIDE_1.14.0/STM32CubeIDE/plugins/com.st.stm32cube.ide.mcu.externaltools.gnu-tools-for-stm32.11.3.rel1.win32_1.1.100.202309141235/tools/bin/../lib/gcc/arm-none-eabi/11.3.1/../../../../arm-none-eabi/lib/thumb/v6-m/nofp\libc_nano.a(libc_a-errno.o)
                0x0000000008001e7c                __errno
 .text.__libc_init_array
                0x0000000008001e88       0x48 C:/ST/STM32CubeIDE_1.14.0/STM32CubeIDE/plugins/com.st.stm32cube.ide.mcu.externaltools.gnu-tools-for-stm32.11.3.rel1.win32_1.1.100.202309141235/tools/bin/../lib/gcc/arm-none-eabi/11.3.1/../../../../arm-none-eabi/lib/thumb/v6-m/nofp\libc_nano.a(libc_a-init.o)
                0x0000000008001e88                __libc_init_array
 .text.__retarget_lock_init_recursive
                0x0000000008001ed0        0x2 C:/ST/STM32CubeIDE_1.14.0/STM32CubeIDE/plugins/com.st.stm32cube.ide.mcu.externaltools.gnu-tools-for-stm32.11.3.rel1.win32_1.1.100.202309141235/tools/bin/../lib/gcc/arm-none-eabi/11.3.1/../../../../arm-none-eabi/lib/thumb/v6-m/nofp\libc_nano.a(libc_a-lock.o)
                0x0000000008001ed0                __retarget_lock_init_recursive
 .text.__retarget_lock_acquire_recursive
                0x0000000008001ed2        0x2 C:/ST/STM32CubeIDE_1.14.0/STM32CubeIDE/plugins/com.st.stm32cube.ide.mcu.externaltools.gnu-tools-for-stm32.11.3.rel1.win32_1.1.100.202309141235/tools/bin/../lib/gcc/arm-none-eabi/11.3.1/../../../../arm-none-eabi/lib/thumb/v6-m/nofp\libc_nano.a(libc_a-lock.o)
                0x0000000008001ed2                __retarget_lock_acquire_recursive
 .text.__retarget_lock_release_recursive
                0x0000000008001ed4        0x2 C:/ST/STM32CubeIDE_1.14.0/STM32CubeIDE/plugins/com.st.stm32cube.ide.mcu.externaltools.gnu-tools-for-stm32.11.3.rel1.win32_1.1.100.202309141235/tools/bin/../lib/gcc/arm-none-eabi/11.3.1/../../../../arm-none-eabi/lib/thumb/v6-m/nofp\libc_nano.a(libc_a-lock.o)
                0x0000000008001ed4                __retarget_lock_release_recursive
 *fill*         0x0000000008001ed6        0x2 
 .text._free_r  0x0000000008001ed8       0x94 C:/ST/STM32CubeIDE_1.14.0/STM32CubeIDE/plugins/com.st.stm32cube.ide.mcu.externaltools.gnu-tools-for-stm32.11.3.rel1.win32_1.1.100.202309141235/tools/bin/../lib/gcc/arm-none-eabi/11.3.1/../../../../arm-none-eabi/lib/thumb/v6-m/nofp\libc_nano.a(libc_a-freer.o)
                0x0000000008001ed8                _free_r
 .text.sbrk_aligned
                0x0000000008001f6c       0x44 C:/ST/STM32CubeIDE_1.14.0/STM32CubeIDE/plugins/com.st.stm32cube.ide.mcu.externaltools.gnu-tools-for-stm32.11.3.rel1.win32_1.1.100.202309141235/tools/bin/../lib/gcc/arm-none-eabi/11.3.1/../../../../arm-none-eabi/lib/thumb/v6-m/nofp\libc_nano.a(libc_a-mallocr.o)
 .text._malloc_r
                0x0000000008001fb0      0x104 C:/ST/STM32CubeIDE_1.14.0/STM32CubeIDE/plugins/com.st.stm32cube.ide.mcu.externaltools.gnu-tools-for-stm32.11.3.rel1.win32_1.1.100.202309141235/tools/bin/../lib/gcc/arm-none-eabi/11.3.1/../../../../arm-none-eabi/lib/thumb/v6-m/nofp\libc_nano.a(libc_a-mallocr.o)
                0x0000000008001fb0                _malloc_r
 .text.__malloc_lock
                0x00000000080020b4       0x10 C:/ST/STM32CubeIDE_1.14.0/STM32CubeIDE/plugins/com.st.stm32cube.ide.mcu.externaltools.gnu-tools-for-stm32.11.3.rel1.win32_1.1.100.202309141235/tools/bin/../lib/gcc/arm-none-eabi/11.3.1/../../../../arm-none-eabi/lib/thumb/v6-m/nofp\libc_nano.a(libc_a-mlock.o)
                0x00000000080020b4                __malloc_lock
 .text.__malloc_unlock
                0x00000000080020c4       0x10 C:/ST/STM32CubeIDE_1.14.0/STM32CubeIDE/plugins/com.st.stm32cube.ide.mcu.externaltools.gnu-tools-for-stm32.11.3.rel1.win32_1.1.100.202309141235/tools/bin/../lib/gcc/arm-none-eabi/11.3.1/../../../../arm-none-eabi/lib/thumb/v6-m/nofp\libc_nano.a(libc_a-mlock.o)
                0x00000000080020c4                __malloc_unlock
 .text.__sflush_r
                0x00000000080020d4      0x114 C:/ST/STM32CubeIDE_1.14.0/STM32CubeIDE/plugins/com.st.stm32cube.ide.mcu.externaltools.gnu-tools-for-stm32.11.3.rel1.win32_1.1.100.202309141235/tools/bin/../lib/gcc/arm-none-eabi/11.3.1/../../../../arm-none-eabi/lib/thumb/v6-m/nofp\libc_nano.a(libc_a-fflush.o)
                0x00000000080020d4                __sflush_r
 .text._fflush_r
                0x00000000080021e8       0x56 C:/ST/STM32CubeIDE_1.14.0/STM32CubeIDE/plugins/com.st.stm32cube.ide.mcu.externaltools.gnu-tools-for-stm32.11.3.rel1.win32_1.1.100.202309141235/tools/bin/../lib/gcc/arm-none-eabi/11.3.1/../../../../arm-none-eabi/lib/thumb/v6-m/nofp\libc_nano.a(libc_a-fflush.o)
                0x00000000080021e8                _fflush_r
 *fill*         0x000000000800223e        0x2 
 .text.__swhatbuf_r
                0x0000000008002240       0x50 C:/ST/STM32CubeIDE_1.14.0/STM32CubeIDE/plugins/com.st.stm32cube.ide.mcu.externaltools.gnu-tools-for-stm32.11.3.rel1.win32_1.1.100.202309141235/tools/bin/../lib/gcc/arm-none-eabi/11.3.1/../../../../arm-none-eabi/lib/thumb/v6-m/nofp\libc_nano.a(libc_a-makebuf.o)
                0x0000000008002240                __swhatbuf_r
 .text.__smakebuf_r
                0x0000000008002290       0x7c C:/ST/STM32CubeIDE_1.14.0/STM32CubeIDE/plugins/com.st.stm32cube.ide.mcu.externaltools.gnu-tools-for-stm32.11.3.rel1.win32_1.1.100.202309141235/tools/bin/../lib/gcc/arm-none-eabi/11.3.1/../../../../arm-none-eabi/lib/thumb/v6-m/nofp\libc_nano.a(libc_a-makebuf.o)
                0x0000000008002290                __smakebuf_r
 .text._fstat_r
                0x000000000800230c       0x24 C:/ST/STM32CubeIDE_1.14.0/STM32CubeIDE/plugins/com.st.stm32cube.ide.mcu.externaltools.gnu-tools-for-stm32.11.3.rel1.win32_1.1.100.202309141235/tools/bin/../lib/gcc/arm-none-eabi/11.3.1/../../../../arm-none-eabi/lib/thumb/v6-m/nofp\libc_nano.a(libc_a-fstatr.o)
                0x000000000800230c                _fstat_r
 .text._isatty_r
                0x0000000008002330       0x24 C:/ST/STM32CubeIDE_1.14.0/STM32CubeIDE/plugins/com.st.stm32cube.ide.mcu.externaltools.gnu-tools-for-stm32.11.3.rel1.win32_1.1.100.202309141235/tools/bin/../lib/gcc/arm-none-eabi/11.3.1/../../../../arm-none-eabi/lib/thumb/v6-m/nofp\libc_nano.a(libc_a-isattyr.o)
                0x0000000008002330                _isatty_r
 .text._sbrk_r  0x0000000008002354       0x24 C:/ST/STM32CubeIDE_1.14.0/STM32CubeIDE/plugins/com.st.stm32cube.ide.mcu.externaltools.gnu-tools-for-stm32.11.3.rel1.win32_1.1.100.202309141235/tools/bin/../lib/gcc/arm-none-eabi/11.3.1/../../../../arm-none-eabi/lib/thumb/v6-m/nofp\libc_nano.a(libc_a-sbrkr.o)
                0x0000000008002354                _sbrk_r
 *(.glue_7)
 .glue_7        0x0000000008002378        0x0 linker stubs
 *(.glue_7t)
 .glue_7t       0x0000000008002378        0x0 linker stubs
 *(.eh_frame)
 .eh_frame      0x0000000008002378        0x0 C:/ST/STM32CubeIDE_1.14.0/STM32CubeIDE/plugins/com.st.stm32cube.ide.mcu.externaltools.gnu-tools-for-stm32.11.3.rel1.win32_1.1.100.202309141235/tools/bin/../lib/gcc/arm-none-eabi/11.3.1/thumb/v6-m/nofp/crtbegin.o
 *(.init)
 .init          0x0000000008002378        0x4 C:/ST/STM32CubeIDE_1.14.0/STM32CubeIDE/plugins/com.st.stm32cube.ide.mcu.externaltools.gnu-tools-for-stm32.11.3.rel1.win32_1.1.100.202309141235/tools/bin/../lib/gcc/arm-none-eabi/11.3.1/thumb/v6-m/nofp/crti.o
                0x0000000008002378                _init
 .init          0x000000000800237c        0x8 C:/ST/STM32CubeIDE_1.14.0/STM32CubeIDE/plugins/com.st.stm32cube.ide.mcu.externaltools.gnu-tools-for-stm32.11.3.rel1.win32_1.1.100.202309141235/tools/bin/../lib/gcc/arm-none-eabi/11.3.1/thumb/v6-m/nofp/crtn.o
 *(.fini)
 .fini          0x0000000008002384        0x4 C:/ST/STM32CubeIDE_1.14.0/STM32CubeIDE/plugins/com.st.stm32cube.ide.mcu.externaltools.gnu-tools-for-stm32.11.3.rel1.win32_1.1.100.202309141235/tools/bin/../lib/gcc/arm-none-eabi/11.3.1/thumb/v6-m/nofp/crti.o
                0x0000000008002384                _fini
 .fini          0x0000000008002388        0x8 C:/ST/STM32CubeIDE_1.14.0/STM32CubeIDE/plugins/com.st.stm32cube.ide.mcu.externaltools.gnu-tools-for-stm32.11.3.rel1.win32_1.1.100.202309141235/tools/bin/../lib/gcc/arm-none-eabi/11.3.1/thumb/v6-m/nofp/crtn.o
                0x0000000008002390                . = ALIGN (0x4)
                0x0000000008002390                _etext = .

.vfp11_veneer   0x0000000008002390        0x0
 .vfp11_veneer  0x0000000008002390        0x0 linker stubs

.v4_bx          0x0000000008002390        0x0
 .v4_bx         0x0000000008002390        0x0 linker stubs

.iplt           0x0000000008002390        0x0
 .iplt          0x0000000008002390        0x0 C:/ST/STM32CubeIDE_1.14.0/STM32CubeIDE/plugins/com.st.stm32cube.ide.mcu.externaltools.gnu-tools-for-stm32.11.3.rel1.win32_1.1.100.202309141235/tools/bin/../lib/gcc/arm-none-eabi/11.3.1/thumb/v6-m/nofp/crtbegin.o

.rodata         0x0000000008002390       0xac
                0x0000000008002390                . = ALIGN (0x4)
 *(.rodata)
 .rodata        0x0000000008002390       0x1b ./Core/Src/main.o
 *(.rodata*)
 *fill*         0x00000000080023ab        0x1 
 .rodata.AHBPrescTable
                0x00000000080023ac       0x40 ./Core/Src/system_stm32g0xx.o
                0x00000000080023ac                AHBPrescTable
 .rodata.APBPrescTable
                0x00000000080023ec       0x20 ./Core/Src/system_stm32g0xx.o
                0x00000000080023ec                APBPrescTable
 .rodata.USART_PRESCALER_TAB
                0x000000000800240c       0x30 ./Drivers/STM32G0xx_HAL_Driver/Src/stm32g0xx_ll_usart.o
                0x000000000800243c                . = ALIGN (0x4)

.rel.dyn        0x000000000800243c        0x0
 .rel.iplt      0x000000000800243c        0x0 C:/ST/STM32CubeIDE_1.14.0/STM32CubeIDE/plugins/com.st.stm32cube.ide.mcu.externaltools.gnu-tools-for-stm32.11.3.rel1.win32_1.1.100.202309141235/tools/bin/../lib/gcc/arm-none-eabi/11.3.1/thumb/v6-m/nofp/crtbegin.o

.ARM.extab      0x000000000800243c        0x0
                0x000000000800243c                . = ALIGN (0x4)
 *(.ARM.extab* .gnu.linkonce.armextab.*)
                0x000000000800243c                . = ALIGN (0x4)

.ARM            0x000000000800243c        0x0
                0x000000000800243c                . = ALIGN (0x4)
                0x000000000800243c                __exidx_start = .
 *(.ARM.exidx*)
                0x000000000800243c                __exidx_end = .
                0x000000000800243c                . = ALIGN (0x4)

.preinit_array  0x000000000800243c        0x0
                0x000000000800243c                . = ALIGN (0x4)
                0x000000000800243c                PROVIDE (__preinit_array_start = .)
 *(.preinit_array*)
                0x000000000800243c                PROVIDE (__preinit_array_end = .)
                0x000000000800243c                . = ALIGN (0x4)

.init_array     0x000000000800243c        0x4
                0x000000000800243c                . = ALIGN (0x4)
                0x000000000800243c                PROVIDE (__init_array_start = .)
 *(SORT_BY_NAME(.init_array.*))
 *(.init_array*)
 .init_array    0x000000000800243c        0x4 C:/ST/STM32CubeIDE_1.14.0/STM32CubeIDE/plugins/com.st.stm32cube.ide.mcu.externaltools.gnu-tools-for-stm32.11.3.rel1.win32_1.1.100.202309141235/tools/bin/../lib/gcc/arm-none-eabi/11.3.1/thumb/v6-m/nofp/crtbegin.o
                0x0000000008002440                PROVIDE (__init_array_end = .)
                0x0000000008002440                . = ALIGN (0x4)

.fini_array     0x0000000008002440        0x4
                0x0000000008002440                . = ALIGN (0x4)
                [!provide]                        PROVIDE (__fini_array_start = .)
 *(SORT_BY_NAME(.fini_array.*))
 *(.fini_array*)
 .fini_array    0x0000000008002440        0x4 C:/ST/STM32CubeIDE_1.14.0/STM32CubeIDE/plugins/com.st.stm32cube.ide.mcu.externaltools.gnu-tools-for-stm32.11.3.rel1.win32_1.1.100.202309141235/tools/bin/../lib/gcc/arm-none-eabi/11.3.1/thumb/v6-m/nofp/crtbegin.o
                [!provide]                        PROVIDE (__fini_array_end = .)
                0x0000000008002444                . = ALIGN (0x4)
                0x0000000008002444                _sidata = LOADADDR (.data)

.data           0x0000000020000000       0x60 load address 0x0000000008002444
                0x0000000020000000                . = ALIGN (0x4)
                0x0000000020000000                _sdata = .
 *(.data)
 *(.data*)
 .data.SystemCoreClock
                0x0000000020000000        0x4 ./Core/Src/system_stm32g0xx.o
                0x0000000020000000                SystemCoreClock
 .data.__sglue  0x0000000020000004        0xc C:/ST/STM32CubeIDE_1.14.0/STM32CubeIDE/plugins/com.st.stm32cube.ide.mcu.externaltools.gnu-tools-for-stm32.11.3.rel1.win32_1.1.100.202309141235/tools/bin/../lib/gcc/arm-none-eabi/11.3.1/../../../../arm-none-eabi/lib/thumb/v6-m/nofp\libc_nano.a(libc_a-findfp.o)
                0x0000000020000004                __sglue
 .data._impure_data
                0x0000000020000010       0x4c C:/ST/STM32CubeIDE_1.14.0/STM32CubeIDE/plugins/com.st.stm32cube.ide.mcu.externaltools.gnu-tools-for-stm32.11.3.rel1.win32_1.1.100.202309141235/tools/bin/../lib/gcc/arm-none-eabi/11.3.1/../../../../arm-none-eabi/lib/thumb/v6-m/nofp\libc_nano.a(libc_a-impure.o)
                0x0000000020000010                _impure_data
 .data._impure_ptr
                0x000000002000005c        0x4 C:/ST/STM32CubeIDE_1.14.0/STM32CubeIDE/plugins/com.st.stm32cube.ide.mcu.externaltools.gnu-tools-for-stm32.11.3.rel1.win32_1.1.100.202309141235/tools/bin/../lib/gcc/arm-none-eabi/11.3.1/../../../../arm-none-eabi/lib/thumb/v6-m/nofp\libc_nano.a(libc_a-impure.o)
                0x000000002000005c                _impure_ptr
 *(.RamFunc)
 *(.RamFunc*)
                0x0000000020000060                . = ALIGN (0x4)
                0x0000000020000060                _edata = .

.igot.plt       0x0000000020000060        0x0 load address 0x00000000080024a4
 .igot.plt      0x0000000020000060        0x0 C:/ST/STM32CubeIDE_1.14.0/STM32CubeIDE/plugins/com.st.stm32cube.ide.mcu.externaltools.gnu-tools-for-stm32.11.3.rel1.win32_1.1.100.202309141235/tools/bin/../lib/gcc/arm-none-eabi/11.3.1/thumb/v6-m/nofp/crtbegin.o
                0x0000000020000060                . = ALIGN (0x4)

.bss            0x0000000020000060      0x16c load address 0x00000000080024a4
                0x0000000020000060                _sbss = .
                0x0000000020000060                __bss_start__ = _sbss
 *(.bss)
 .bss           0x0000000020000060       0x1c C:/ST/STM32CubeIDE_1.14.0/STM32CubeIDE/plugins/com.st.stm32cube.ide.mcu.externaltools.gnu-tools-for-stm32.11.3.rel1.win32_1.1.100.202309141235/tools/bin/../lib/gcc/arm-none-eabi/11.3.1/thumb/v6-m/nofp/crtbegin.o
 *(.bss*)
 .bss.__sbrk_heap_end
                0x000000002000007c        0x4 ./Core/Src/sysmem.o
 .bss.__sf      0x0000000020000080      0x138 C:/ST/STM32CubeIDE_1.14.0/STM32CubeIDE/plugins/com.st.stm32cube.ide.mcu.externaltools.gnu-tools-for-stm32.11.3.rel1.win32_1.1.100.202309141235/tools/bin/../lib/gcc/arm-none-eabi/11.3.1/../../../../arm-none-eabi/lib/thumb/v6-m/nofp\libc_nano.a(libc_a-findfp.o)
                0x0000000020000080                __sf
 .bss.__stdio_exit_handler
                0x00000000200001b8        0x4 C:/ST/STM32CubeIDE_1.14.0/STM32CubeIDE/plugins/com.st.stm32cube.ide.mcu.externaltools.gnu-tools-for-stm32.11.3.rel1.win32_1.1.100.202309141235/tools/bin/../lib/gcc/arm-none-eabi/11.3.1/../../../../arm-none-eabi/lib/thumb/v6-m/nofp\libc_nano.a(libc_a-findfp.o)
                0x00000000200001b8                __stdio_exit_handler
 .bss.errno     0x00000000200001bc        0x4 C:/ST/STM32CubeIDE_1.14.0/STM32CubeIDE/plugins/com.st.stm32cube.ide.mcu.externaltools.gnu-tools-for-stm32.11.3.rel1.win32_1.1.100.202309141235/tools/bin/../lib/gcc/arm-none-eabi/11.3.1/../../../../arm-none-eabi/lib/thumb/v6-m/nofp\libc_nano.a(libc_a-reent.o)
                0x00000000200001bc                errno
 .bss.__lock___malloc_recursive_mutex
                0x00000000200001c0        0x1 C:/ST/STM32CubeIDE_1.14.0/STM32CubeIDE/plugins/com.st.stm32cube.ide.mcu.externaltools.gnu-tools-for-stm32.11.3.rel1.win32_1.1.100.202309141235/tools/bin/../lib/gcc/arm-none-eabi/11.3.1/../../../../arm-none-eabi/lib/thumb/v6-m/nofp\libc_nano.a(libc_a-lock.o)
                0x00000000200001c0                __lock___malloc_recursive_mutex
 .bss.__lock___sfp_recursive_mutex
                0x00000000200001c1        0x1 C:/ST/STM32CubeIDE_1.14.0/STM32CubeIDE/plugins/com.st.stm32cube.ide.mcu.externaltools.gnu-tools-for-stm32.11.3.rel1.win32_1.1.100.202309141235/tools/bin/../lib/gcc/arm-none-eabi/11.3.1/../../../../arm-none-eabi/lib/thumb/v6-m/nofp\libc_nano.a(libc_a-lock.o)
                0x00000000200001c1                __lock___sfp_recursive_mutex
 *fill*         0x00000000200001c2        0x2 
 .bss.__malloc_free_list
                0x00000000200001c4        0x4 C:/ST/STM32CubeIDE_1.14.0/STM32CubeIDE/plugins/com.st.stm32cube.ide.mcu.externaltools.gnu-tools-for-stm32.11.3.rel1.win32_1.1.100.202309141235/tools/bin/../lib/gcc/arm-none-eabi/11.3.1/../../../../arm-none-eabi/lib/thumb/v6-m/nofp\libc_nano.a(libc_a-mallocr.o)
                0x00000000200001c4                __malloc_free_list
 .bss.__malloc_sbrk_start
                0x00000000200001c8        0x4 C:/ST/STM32CubeIDE_1.14.0/STM32CubeIDE/plugins/com.st.stm32cube.ide.mcu.externaltools.gnu-tools-for-stm32.11.3.rel1.win32_1.1.100.202309141235/tools/bin/../lib/gcc/arm-none-eabi/11.3.1/../../../../arm-none-eabi/lib/thumb/v6-m/nofp\libc_nano.a(libc_a-mallocr.o)
                0x00000000200001c8                __malloc_sbrk_start
 *(COMMON)
                0x00000000200001cc                . = ALIGN (0x4)
                0x00000000200001cc                _ebss = .
                0x00000000200001cc                __bss_end__ = _ebss

._user_heap_stack
                0x00000000200001cc      0x604 load address 0x00000000080024a4
                0x00000000200001d0                . = ALIGN (0x8)
 *fill*         0x00000000200001cc        0x4 
                [!provide]                        PROVIDE (end = .)
                0x00000000200001d0                PROVIDE (_end = .)
                0x00000000200003d0                . = (. + _Min_Heap_Size)
 *fill*         0x00000000200001d0      0x200 
                0x00000000200007d0                . = (. + _Min_Stack_Size)
 *fill*         0x00000000200003d0      0x400 
                0x00000000200007d0                . = ALIGN (0x8)

/DISCARD/
 libc.a(*)
 libm.a(*)
 libgcc.a(*)

.ARM.attributes
                0x0000000000000000       0x28
 *(.ARM.attributes)
 .ARM.attributes
                0x0000000000000000       0x1e C:/ST/STM32CubeIDE_1.14.0/STM32CubeIDE/plugins/com.st.stm32cube.ide.mcu.externaltools.gnu-tools-for-stm32.11.3.rel1.win32_1.1.100.202309141235/tools/bin/../lib/gcc/arm-none-eabi/11.3.1/thumb/v6-m/nofp/crti.o
 .ARM.attributes
                0x000000000000001e       0x2c C:/ST/STM32CubeIDE_1.14.0/STM32CubeIDE/plugins/com.st.stm32cube.ide.mcu.externaltools.gnu-tools-for-stm32.11.3.rel1.win32_1.1.100.202309141235/tools/bin/../lib/gcc/arm-none-eabi/11.3.1/thumb/v6-m/nofp/crtbegin.o
 .ARM.attributes
                0x000000000000004a       0x2c ./Core/Src/crc.o
 .ARM.attributes
                0x0000000000000076       0x2c ./Core/Src/gpio.o
 .ARM.attributes
                0x00000000000000a2       0x2c ./Core/Src/i2c.o
 .ARM.attributes
                0x00000000000000ce       0x2c ./Core/Src/main.o
 .ARM.attributes
                0x00000000000000fa       0x2c ./Core/Src/stm32g0xx_it.o
 .ARM.attributes
                0x0000000000000126       0x2c ./Core/Src/syscalls.o
 .ARM.attributes
                0x0000000000000152       0x2c ./Core/Src/sysmem.o
 .ARM.attributes
                0x000000000000017e       0x2c ./Core/Src/system_stm32g0xx.o
 .ARM.attributes
                0x00000000000001aa       0x2c ./Core/Src/usart.o
 .ARM.attributes
                0x00000000000001d6       0x22 ./Core/Startup/startup_stm32g031f6px.o
 .ARM.attributes
                0x00000000000001f8       0x2c ./Drivers/STM32G0xx_HAL_Driver/Src/stm32g0xx_ll_gpio.o
 .ARM.attributes
                0x0000000000000224       0x2c ./Drivers/STM32G0xx_HAL_Driver/Src/stm32g0xx_ll_i2c.o
 .ARM.attributes
                0x0000000000000250       0x2c ./Drivers/STM32G0xx_HAL_Driver/Src/stm32g0xx_ll_rcc.o
 .ARM.attributes
                0x000000000000027c       0x2c ./Drivers/STM32G0xx_HAL_Driver/Src/stm32g0xx_ll_usart.o
 .ARM.attributes
                0x00000000000002a8       0x2c ./Drivers/STM32G0xx_HAL_Driver/Src/stm32g0xx_ll_utils.o
 .ARM.attributes
                0x00000000000002d4       0x2c C:/ST/STM32CubeIDE_1.14.0/STM32CubeIDE/plugins/com.st.stm32cube.ide.mcu.externaltools.gnu-tools-for-stm32.11.3.rel1.win32_1.1.100.202309141235/tools/bin/../lib/gcc/arm-none-eabi/11.3.1/../../../../arm-none-eabi/lib/thumb/v6-m/nofp\libc_nano.a(libc_a-findfp.o)
 .ARM.attributes
                0x0000000000000300       0x2c C:/ST/STM32CubeIDE_1.14.0/STM32CubeIDE/plugins/com.st.stm32cube.ide.mcu.externaltools.gnu-tools-for-stm32.11.3.rel1.win32_1.1.100.202309141235/tools/bin/../lib/gcc/arm-none-eabi/11.3.1/../../../../arm-none-eabi/lib/thumb/v6-m/nofp\libc_nano.a(libc_a-fwalk.o)
 .ARM.attributes
                0x000000000000032c       0x2c C:/ST/STM32CubeIDE_1.14.0/STM32CubeIDE/plugins/com.st.stm32cube.ide.mcu.externaltools.gnu-tools-for-stm32.11.3.rel1.win32_1.1.100.202309141235/tools/bin/../lib/gcc/arm-none-eabi/11.3.1/../../../../arm-none-eabi/lib/thumb/v6-m/nofp\libc_nano.a(libc_a-puts.o)
 .ARM.attributes
                0x0000000000000358       0x2c C:/ST/STM32CubeIDE_1.14.0/STM32CubeIDE/plugins/com.st.stm32cube.ide.mcu.externaltools.gnu-tools-for-stm32.11.3.rel1.win32_1.1.100.202309141235/tools/bin/../lib/gcc/arm-none-eabi/11.3.1/../../../../arm-none-eabi/lib/thumb/v6-m/nofp\libc_nano.a(libc_a-stdio.o)
 .ARM.attributes
                0x0000000000000384       0x2c C:/ST/STM32CubeIDE_1.14.0/STM32CubeIDE/plugins/com.st.stm32cube.ide.mcu.externaltools.gnu-tools-for-stm32.11.3.rel1.win32_1.1.100.202309141235/tools/bin/../lib/gcc/arm-none-eabi/11.3.1/../../../../arm-none-eabi/lib/thumb/v6-m/nofp\libc_nano.a(libc_a-wbuf.o)
 .ARM.attributes
                0x00000000000003b0       0x2c C:/ST/STM32CubeIDE_1.14.0/STM32CubeIDE/plugins/com.st.stm32cube.ide.mcu.externaltools.gnu-tools-for-stm32.11.3.rel1.win32_1.1.100.202309141235/tools/bin/../lib/gcc/arm-none-eabi/11.3.1/../../../../arm-none-eabi/lib/thumb/v6-m/nofp\libc_nano.a(libc_a-wsetup.o)
 .ARM.attributes
                0x00000000000003dc       0x2c C:/ST/STM32CubeIDE_1.14.0/STM32CubeIDE/plugins/com.st.stm32cube.ide.mcu.externaltools.gnu-tools-for-stm32.11.3.rel1.win32_1.1.100.202309141235/tools/bin/../lib/gcc/arm-none-eabi/11.3.1/../../../../arm-none-eabi/lib/thumb/v6-m/nofp\libc_nano.a(libc_a-memset.o)
 .ARM.attributes
                0x0000000000000408       0x2c C:/ST/STM32CubeIDE_1.14.0/STM32CubeIDE/plugins/com.st.stm32cube.ide.mcu.externaltools.gnu-tools-for-stm32.11.3.rel1.win32_1.1.100.202309141235/tools/bin/../lib/gcc/arm-none-eabi/11.3.1/../../../../arm-none-eabi/lib/thumb/v6-m/nofp\libc_nano.a(libc_a-closer.o)
 .ARM.attributes
                0x0000000000000434       0x2c C:/ST/STM32CubeIDE_1.14.0/STM32CubeIDE/plugins/com.st.stm32cube.ide.mcu.externaltools.gnu-tools-for-stm32.11.3.rel1.win32_1.1.100.202309141235/tools/bin/../lib/gcc/arm-none-eabi/11.3.1/../../../../arm-none-eabi/lib/thumb/v6-m/nofp\libc_nano.a(libc_a-reent.o)
 .ARM.attributes
                0x0000000000000460       0x2c C:/ST/STM32CubeIDE_1.14.0/STM32CubeIDE/plugins/com.st.stm32cube.ide.mcu.externaltools.gnu-tools-for-stm32.11.3.rel1.win32_1.1.100.202309141235/tools/bin/../lib/gcc/arm-none-eabi/11.3.1/../../../../arm-none-eabi/lib/thumb/v6-m/nofp\libc_nano.a(libc_a-impure.o)
 .ARM.attributes
                0x000000000000048c       0x2c C:/ST/STM32CubeIDE_1.14.0/STM32CubeIDE/plugins/com.st.stm32cube.ide.mcu.externaltools.gnu-tools-for-stm32.11.3.rel1.win32_1.1.100.202309141235/tools/bin/../lib/gcc/arm-none-eabi/11.3.1/../../../../arm-none-eabi/lib/thumb/v6-m/nofp\libc_nano.a(libc_a-lseekr.o)
 .ARM.attributes
                0x00000000000004b8       0x2c C:/ST/STM32CubeIDE_1.14.0/STM32CubeIDE/plugins/com.st.stm32cube.ide.mcu.externaltools.gnu-tools-for-stm32.11.3.rel1.win32_1.1.100.202309141235/tools/bin/../lib/gcc/arm-none-eabi/11.3.1/../../../../arm-none-eabi/lib/thumb/v6-m/nofp\libc_nano.a(libc_a-readr.o)
 .ARM.attributes
                0x00000000000004e4       0x2c C:/ST/STM32CubeIDE_1.14.0/STM32CubeIDE/plugins/com.st.stm32cube.ide.mcu.externaltools.gnu-tools-for-stm32.11.3.rel1.win32_1.1.100.202309141235/tools/bin/../lib/gcc/arm-none-eabi/11.3.1/../../../../arm-none-eabi/lib/thumb/v6-m/nofp\libc_nano.a(libc_a-writer.o)
 .ARM.attributes
                0x0000000000000510       0x2c C:/ST/STM32CubeIDE_1.14.0/STM32CubeIDE/plugins/com.st.stm32cube.ide.mcu.externaltools.gnu-tools-for-stm32.11.3.rel1.win32_1.1.100.202309141235/tools/bin/../lib/gcc/arm-none-eabi/11.3.1/../../../../arm-none-eabi/lib/thumb/v6-m/nofp\libc_nano.a(libc_a-errno.o)
 .ARM.attributes
                0x000000000000053c       0x2c C:/ST/STM32CubeIDE_1.14.0/STM32CubeIDE/plugins/com.st.stm32cube.ide.mcu.externaltools.gnu-tools-for-stm32.11.3.rel1.win32_1.1.100.202309141235/tools/bin/../lib/gcc/arm-none-eabi/11.3.1/../../../../arm-none-eabi/lib/thumb/v6-m/nofp\libc_nano.a(libc_a-init.o)
 .ARM.attributes
                0x0000000000000568       0x2c C:/ST/STM32CubeIDE_1.14.0/STM32CubeIDE/plugins/com.st.stm32cube.ide.mcu.externaltools.gnu-tools-for-stm32.11.3.rel1.win32_1.1.100.202309141235/tools/bin/../lib/gcc/arm-none-eabi/11.3.1/../../../../arm-none-eabi/lib/thumb/v6-m/nofp\libc_nano.a(libc_a-lock.o)
 .ARM.attributes
                0x0000000000000594       0x2c C:/ST/STM32CubeIDE_1.14.0/STM32CubeIDE/plugins/com.st.stm32cube.ide.mcu.externaltools.gnu-tools-for-stm32.11.3.rel1.win32_1.1.100.202309141235/tools/bin/../lib/gcc/arm-none-eabi/11.3.1/../../../../arm-none-eabi/lib/thumb/v6-m/nofp\libc_nano.a(libc_a-freer.o)
 .ARM.attributes
                0x00000000000005c0       0x2c C:/ST/STM32CubeIDE_1.14.0/STM32CubeIDE/plugins/com.st.stm32cube.ide.mcu.externaltools.gnu-tools-for-stm32.11.3.rel1.win32_1.1.100.202309141235/tools/bin/../lib/gcc/arm-none-eabi/11.3.1/../../../../arm-none-eabi/lib/thumb/v6-m/nofp\libc_nano.a(libc_a-mallocr.o)
 .ARM.attributes
                0x00000000000005ec       0x2c C:/ST/STM32CubeIDE_1.14.0/STM32CubeIDE/plugins/com.st.stm32cube.ide.mcu.externaltools.gnu-tools-for-stm32.11.3.rel1.win32_1.1.100.202309141235/tools/bin/../lib/gcc/arm-none-eabi/11.3.1/../../../../arm-none-eabi/lib/thumb/v6-m/nofp\libc_nano.a(libc_a-mlock.o)
 .ARM.attributes
                0x0000000000000618       0x2c C:/ST/STM32CubeIDE_1.14.0/STM32CubeIDE/plugins/com.st.stm32cube.ide.mcu.externaltools.gnu-tools-for-stm32.11.3.rel1.win32_1.1.100.202309141235/tools/bin/../lib/gcc/arm-none-eabi/11.3.1/../../../../arm-none-eabi/lib/thumb/v6-m/nofp\libc_nano.a(libc_a-fflush.o)
 .ARM.attributes
                0x0000000000000644       0x2c C:/ST/STM32CubeIDE_1.14.0/STM32CubeIDE/plugins/com.st.stm32cube.ide.mcu.externaltools.gnu-tools-for-stm32.11.3.rel1.win32_1.1.100.202309141235/tools/bin/../lib/gcc/arm-none-eabi/11.3.1/../../../../arm-none-eabi/lib/thumb/v6-m/nofp\libc_nano.a(libc_a-makebuf.o)
 .ARM.attributes
                0x0000000000000670       0x2c C:/ST/STM32CubeIDE_1.14.0/STM32CubeIDE/plugins/com.st.stm32cube.ide.mcu.externaltools.gnu-tools-for-stm32.11.3.rel1.win32_1.1.100.202309141235/tools/bin/../lib/gcc/arm-none-eabi/11.3.1/../../../../arm-none-eabi/lib/thumb/v6-m/nofp\libc_nano.a(libc_a-fstatr.o)
 .ARM.attributes
                0x000000000000069c       0x2c C:/ST/STM32CubeIDE_1.14.0/STM32CubeIDE/plugins/com.st.stm32cube.ide.mcu.externaltools.gnu-tools-for-stm32.11.3.rel1.win32_1.1.100.202309141235/tools/bin/../lib/gcc/arm-none-eabi/11.3.1/../../../../arm-none-eabi/lib/thumb/v6-m/nofp\libc_nano.a(libc_a-isattyr.o)
 .ARM.attributes
                0x00000000000006c8       0x2c C:/ST/STM32CubeIDE_1.14.0/STM32CubeIDE/plugins/com.st.stm32cube.ide.mcu.externaltools.gnu-tools-for-stm32.11.3.rel1.win32_1.1.100.202309141235/tools/bin/../lib/gcc/arm-none-eabi/11.3.1/../../../../arm-none-eabi/lib/thumb/v6-m/nofp\libc_nano.a(libc_a-sbrkr.o)
 .ARM.attributes
                0x00000000000006f4       0x1e C:/ST/STM32CubeIDE_1.14.0/STM32CubeIDE/plugins/com.st.stm32cube.ide.mcu.externaltools.gnu-tools-for-stm32.11.3.rel1.win32_1.1.100.202309141235/tools/bin/../lib/gcc/arm-none-eabi/11.3.1/thumb/v6-m/nofp\libgcc.a(_udivsi3.o)
 .ARM.attributes
                0x0000000000000712       0x1e C:/ST/STM32CubeIDE_1.14.0/STM32CubeIDE/plugins/com.st.stm32cube.ide.mcu.externaltools.gnu-tools-for-stm32.11.3.rel1.win32_1.1.100.202309141235/tools/bin/../lib/gcc/arm-none-eabi/11.3.1/thumb/v6-m/nofp\libgcc.a(_dvmd_tls.o)
 .ARM.attributes
                0x0000000000000730       0x1e C:/ST/STM32CubeIDE_1.14.0/STM32CubeIDE/plugins/com.st.stm32cube.ide.mcu.externaltools.gnu-tools-for-stm32.11.3.rel1.win32_1.1.100.202309141235/tools/bin/../lib/gcc/arm-none-eabi/11.3.1/thumb/v6-m/nofp/crtn.o
OUTPUT(WeAct_STM32G031F6P6_F32KB_R8KB.elf elf32-littlearm)
LOAD linker stubs
LOAD C:/ST/STM32CubeIDE_1.14.0/STM32CubeIDE/plugins/com.st.stm32cube.ide.mcu.externaltools.gnu-tools-for-stm32.11.3.rel1.win32_1.1.100.202309141235/tools/bin/../lib/gcc/arm-none-eabi/11.3.1/../../../../arm-none-eabi/lib/thumb/v6-m/nofp\libc.a
LOAD C:/ST/STM32CubeIDE_1.14.0/STM32CubeIDE/plugins/com.st.stm32cube.ide.mcu.externaltools.gnu-tools-for-stm32.11.3.rel1.win32_1.1.100.202309141235/tools/bin/../lib/gcc/arm-none-eabi/11.3.1/../../../../arm-none-eabi/lib/thumb/v6-m/nofp\libm.a
LOAD C:/ST/STM32CubeIDE_1.14.0/STM32CubeIDE/plugins/com.st.stm32cube.ide.mcu.externaltools.gnu-tools-for-stm32.11.3.rel1.win32_1.1.100.202309141235/tools/bin/../lib/gcc/arm-none-eabi/11.3.1/thumb/v6-m/nofp\libgcc.a

.comment        0x0000000000000000       0x43
 .comment       0x0000000000000000       0x43 C:/ST/STM32CubeIDE_1.14.0/STM32CubeIDE/plugins/com.st.stm32cube.ide.mcu.externaltools.gnu-tools-for-stm32.11.3.rel1.win32_1.1.100.202309141235/tools/bin/../lib/gcc/arm-none-eabi/11.3.1/thumb/v6-m/nofp/crtbegin.o
                                         0x44 (size before relaxing)
 .comment       0x0000000000000043       0x44 ./Core/Src/crc.o
 .comment       0x0000000000000043       0x44 ./Core/Src/gpio.o
 .comment       0x0000000000000043       0x44 ./Core/Src/i2c.o
 .comment       0x0000000000000043       0x44 ./Core/Src/main.o
 .comment       0x0000000000000043       0x44 ./Core/Src/stm32g0xx_it.o
 .comment       0x0000000000000043       0x44 ./Core/Src/syscalls.o
 .comment       0x0000000000000043       0x44 ./Core/Src/sysmem.o
 .comment       0x0000000000000043       0x44 ./Core/Src/system_stm32g0xx.o
 .comment       0x0000000000000043       0x44 ./Core/Src/usart.o
 .comment       0x0000000000000043       0x44 ./Drivers/STM32G0xx_HAL_Driver/Src/stm32g0xx_ll_gpio.o
 .comment       0x0000000000000043       0x44 ./Drivers/STM32G0xx_HAL_Driver/Src/stm32g0xx_ll_i2c.o
 .comment       0x0000000000000043       0x44 ./Drivers/STM32G0xx_HAL_Driver/Src/stm32g0xx_ll_rcc.o
 .comment       0x0000000000000043       0x44 ./Drivers/STM32G0xx_HAL_Driver/Src/stm32g0xx_ll_usart.o
 .comment       0x0000000000000043       0x44 ./Drivers/STM32G0xx_HAL_Driver/Src/stm32g0xx_ll_utils.o

.debug_info     0x0000000000000000     0x51b0
 .debug_info    0x0000000000000000      0x3e4 ./Core/Src/crc.o
 .debug_info    0x00000000000003e4      0x417 ./Core/Src/gpio.o
 .debug_info    0x00000000000007fb      0x633 ./Core/Src/i2c.o
 .debug_info    0x0000000000000e2e      0xb6d ./Core/Src/main.o
 .debug_info    0x000000000000199b      0x149 ./Core/Src/stm32g0xx_it.o
 .debug_info    0x0000000000001ae4      0x6a3 ./Core/Src/syscalls.o
 .debug_info    0x0000000000002187      0x168 ./Core/Src/sysmem.o
 .debug_info    0x00000000000022ef      0x2c1 ./Core/Src/system_stm32g0xx.o
 .debug_info    0x00000000000025b0      0x7e3 ./Core/Src/usart.o
 .debug_info    0x0000000000002d93       0x23 ./Core/Startup/startup_stm32g031f6px.o
 .debug_info    0x0000000000002db6      0x594 ./Drivers/STM32G0xx_HAL_Driver/Src/stm32g0xx_ll_gpio.o
 .debug_info    0x000000000000334a      0x5b7 ./Drivers/STM32G0xx_HAL_Driver/Src/stm32g0xx_ll_i2c.o
 .debug_info    0x0000000000003901      0x89f ./Drivers/STM32G0xx_HAL_Driver/Src/stm32g0xx_ll_rcc.o
 .debug_info    0x00000000000041a0      0x764 ./Drivers/STM32G0xx_HAL_Driver/Src/stm32g0xx_ll_usart.o
 .debug_info    0x0000000000004904      0x8ac ./Drivers/STM32G0xx_HAL_Driver/Src/stm32g0xx_ll_utils.o

.debug_abbrev   0x0000000000000000     0x172d
 .debug_abbrev  0x0000000000000000      0x176 ./Core/Src/crc.o
 .debug_abbrev  0x0000000000000176      0x198 ./Core/Src/gpio.o
 .debug_abbrev  0x000000000000030e      0x19c ./Core/Src/i2c.o
 .debug_abbrev  0x00000000000004aa      0x2b5 ./Core/Src/main.o
 .debug_abbrev  0x000000000000075f       0x80 ./Core/Src/stm32g0xx_it.o
 .debug_abbrev  0x00000000000007df      0x1b6 ./Core/Src/syscalls.o
 .debug_abbrev  0x0000000000000995       0xbc ./Core/Src/sysmem.o
 .debug_abbrev  0x0000000000000a51      0x11b ./Core/Src/system_stm32g0xx.o
 .debug_abbrev  0x0000000000000b6c      0x227 ./Core/Src/usart.o
 .debug_abbrev  0x0000000000000d93       0x12 ./Core/Startup/startup_stm32g031f6px.o
 .debug_abbrev  0x0000000000000da5      0x1a7 ./Drivers/STM32G0xx_HAL_Driver/Src/stm32g0xx_ll_gpio.o
 .debug_abbrev  0x0000000000000f4c      0x178 ./Drivers/STM32G0xx_HAL_Driver/Src/stm32g0xx_ll_i2c.o
 .debug_abbrev  0x00000000000010c4      0x228 ./Drivers/STM32G0xx_HAL_Driver/Src/stm32g0xx_ll_rcc.o
 .debug_abbrev  0x00000000000012ec      0x208 ./Drivers/STM32G0xx_HAL_Driver/Src/stm32g0xx_ll_usart.o
 .debug_abbrev  0x00000000000014f4      0x239 ./Drivers/STM32G0xx_HAL_Driver/Src/stm32g0xx_ll_utils.o

.debug_aranges  0x0000000000000000      0x758
 .debug_aranges
                0x0000000000000000       0x50 ./Core/Src/crc.o
 .debug_aranges
                0x0000000000000050       0x30 ./Core/Src/gpio.o
 .debug_aranges
                0x0000000000000080       0x58 ./Core/Src/i2c.o
 .debug_aranges
                0x00000000000000d8       0xd8 ./Core/Src/main.o
 .debug_aranges
                0x00000000000001b0       0x40 ./Core/Src/stm32g0xx_it.o
 .debug_aranges
                0x00000000000001f0       0xa8 ./Core/Src/syscalls.o
 .debug_aranges
                0x0000000000000298       0x20 ./Core/Src/sysmem.o
 .debug_aranges
                0x00000000000002b8       0x28 ./Core/Src/system_stm32g0xx.o
 .debug_aranges
                0x00000000000002e0       0x70 ./Core/Src/usart.o
 .debug_aranges
                0x0000000000000350       0x28 ./Core/Startup/startup_stm32g031f6px.o
 .debug_aranges
                0x0000000000000378       0x70 ./Drivers/STM32G0xx_HAL_Driver/Src/stm32g0xx_ll_gpio.o
 .debug_aranges
                0x00000000000003e8       0x88 ./Drivers/STM32G0xx_HAL_Driver/Src/stm32g0xx_ll_i2c.o
 .debug_aranges
                0x0000000000000470      0x178 ./Drivers/STM32G0xx_HAL_Driver/Src/stm32g0xx_ll_rcc.o
 .debug_aranges
                0x00000000000005e8       0x88 ./Drivers/STM32G0xx_HAL_Driver/Src/stm32g0xx_ll_usart.o
 .debug_aranges
                0x0000000000000670       0xe8 ./Drivers/STM32G0xx_HAL_Driver/Src/stm32g0xx_ll_utils.o

.debug_rnglists
                0x0000000000000000      0x54a
 .debug_rnglists
                0x0000000000000000       0x37 ./Core/Src/crc.o
 .debug_rnglists
                0x0000000000000037       0x20 ./Core/Src/gpio.o
 .debug_rnglists
                0x0000000000000057       0x3e ./Core/Src/i2c.o
 .debug_rnglists
                0x0000000000000095       0x9f ./Core/Src/main.o
 .debug_rnglists
                0x0000000000000134       0x2b ./Core/Src/stm32g0xx_it.o
 .debug_rnglists
                0x000000000000015f       0x79 ./Core/Src/syscalls.o
 .debug_rnglists
                0x00000000000001d8       0x13 ./Core/Src/sysmem.o
 .debug_rnglists
                0x00000000000001eb       0x1a ./Core/Src/system_stm32g0xx.o
 .debug_rnglists
                0x0000000000000205       0x50 ./Core/Src/usart.o
 .debug_rnglists
                0x0000000000000255       0x19 ./Core/Startup/startup_stm32g031f6px.o
 .debug_rnglists
                0x000000000000026e       0x51 ./Drivers/STM32G0xx_HAL_Driver/Src/stm32g0xx_ll_gpio.o
 .debug_rnglists
                0x00000000000002bf       0x62 ./Drivers/STM32G0xx_HAL_Driver/Src/stm32g0xx_ll_i2c.o
 .debug_rnglists
                0x0000000000000321      0x119 ./Drivers/STM32G0xx_HAL_Driver/Src/stm32g0xx_ll_rcc.o
 .debug_rnglists
                0x000000000000043a       0x63 ./Drivers/STM32G0xx_HAL_Driver/Src/stm32g0xx_ll_usart.o
 .debug_rnglists
                0x000000000000049d       0xad ./Drivers/STM32G0xx_HAL_Driver/Src/stm32g0xx_ll_utils.o

.debug_macro    0x0000000000000000    0x11617
 .debug_macro   0x0000000000000000      0x15d ./Core/Src/crc.o
 .debug_macro   0x000000000000015d      0xac0 ./Core/Src/crc.o
 .debug_macro   0x0000000000000c1d       0x2e ./Core/Src/crc.o
 .debug_macro   0x0000000000000c4b       0x28 ./Core/Src/crc.o
 .debug_macro   0x0000000000000c73       0x22 ./Core/Src/crc.o
 .debug_macro   0x0000000000000c95       0x8e ./Core/Src/crc.o
 .debug_macro   0x0000000000000d23       0x51 ./Core/Src/crc.o
 .debug_macro   0x0000000000000d74      0x103 ./Core/Src/crc.o
 .debug_macro   0x0000000000000e77       0x6a ./Core/Src/crc.o
 .debug_macro   0x0000000000000ee1      0x1df ./Core/Src/crc.o
 .debug_macro   0x00000000000010c0       0x1c ./Core/Src/crc.o
 .debug_macro   0x00000000000010dc       0x22 ./Core/Src/crc.o
 .debug_macro   0x00000000000010fe       0xd1 ./Core/Src/crc.o
 .debug_macro   0x00000000000011cf      0x4da ./Core/Src/crc.o
 .debug_macro   0x00000000000016a9      0x11f ./Core/Src/crc.o
 .debug_macro   0x00000000000017c8     0xac2c ./Core/Src/crc.o
 .debug_macro   0x000000000000c3f4       0x66 ./Core/Src/crc.o
 .debug_macro   0x000000000000c45a       0x59 ./Core/Src/crc.o
 .debug_macro   0x000000000000c4b3      0x24d ./Core/Src/crc.o
 .debug_macro   0x000000000000c700      0x520 ./Core/Src/crc.o
 .debug_macro   0x000000000000cc20       0xee ./Core/Src/crc.o
 .debug_macro   0x000000000000cd0e      0x156 ./Core/Src/crc.o
 .debug_macro   0x000000000000ce64      0x192 ./Core/Src/crc.o
 .debug_macro   0x000000000000cff6      0x174 ./Core/Src/crc.o
 .debug_macro   0x000000000000d16a       0x5a ./Core/Src/crc.o
 .debug_macro   0x000000000000d1c4      0x1c7 ./Core/Src/crc.o
 .debug_macro   0x000000000000d38b      0x390 ./Core/Src/crc.o
 .debug_macro   0x000000000000d71b      0x209 ./Core/Src/crc.o
 .debug_macro   0x000000000000d924      0x40f ./Core/Src/crc.o
 .debug_macro   0x000000000000dd33      0x131 ./Core/Src/crc.o
 .debug_macro   0x000000000000de64       0x34 ./Core/Src/crc.o
 .debug_macro   0x000000000000de98      0x15d ./Core/Src/gpio.o
 .debug_macro   0x000000000000dff5      0x15d ./Core/Src/i2c.o
 .debug_macro   0x000000000000e152      0x262 ./Core/Src/main.o
 .debug_macro   0x000000000000e3b4       0x61 ./Core/Src/main.o
 .debug_macro   0x000000000000e415       0x24 ./Core/Src/main.o
 .debug_macro   0x000000000000e439       0x43 ./Core/Src/main.o
 .debug_macro   0x000000000000e47c       0x34 ./Core/Src/main.o
 .debug_macro   0x000000000000e4b0       0x16 ./Core/Src/main.o
 .debug_macro   0x000000000000e4c6       0x97 ./Core/Src/main.o
 .debug_macro   0x000000000000e55d      0x369 ./Core/Src/main.o
 .debug_macro   0x000000000000e8c6       0xfd ./Core/Src/main.o
 .debug_macro   0x000000000000e9c3       0x10 ./Core/Src/main.o
 .debug_macro   0x000000000000e9d3       0x16 ./Core/Src/main.o
 .debug_macro   0x000000000000e9e9       0x43 ./Core/Src/main.o
 .debug_macro   0x000000000000ea2c       0x34 ./Core/Src/main.o
 .debug_macro   0x000000000000ea60       0x10 ./Core/Src/main.o
 .debug_macro   0x000000000000ea70       0x58 ./Core/Src/main.o
 .debug_macro   0x000000000000eac8       0x8e ./Core/Src/main.o
 .debug_macro   0x000000000000eb56       0x1c ./Core/Src/main.o
 .debug_macro   0x000000000000eb72      0x177 ./Core/Src/main.o
 .debug_macro   0x000000000000ece9       0x16 ./Core/Src/main.o
 .debug_macro   0x000000000000ecff       0x16 ./Core/Src/main.o
 .debug_macro   0x000000000000ed15      0x147 ./Core/Src/main.o
 .debug_macro   0x000000000000ee5c      0x15d ./Core/Src/stm32g0xx_it.o
 .debug_macro   0x000000000000efb9      0x274 ./Core/Src/syscalls.o
 .debug_macro   0x000000000000f22d       0x5b ./Core/Src/syscalls.o
 .debug_macro   0x000000000000f288       0x94 ./Core/Src/syscalls.o
 .debug_macro   0x000000000000f31c       0x57 ./Core/Src/syscalls.o
 .debug_macro   0x000000000000f373      0x174 ./Core/Src/syscalls.o
 .debug_macro   0x000000000000f4e7       0x10 ./Core/Src/syscalls.o
 .debug_macro   0x000000000000f4f7       0x35 ./Core/Src/syscalls.o
 .debug_macro   0x000000000000f52c       0x10 ./Core/Src/syscalls.o
 .debug_macro   0x000000000000f53c       0x10 ./Core/Src/syscalls.o
 .debug_macro   0x000000000000f54c       0x10 ./Core/Src/syscalls.o
 .debug_macro   0x000000000000f55c       0x1c ./Core/Src/syscalls.o
 .debug_macro   0x000000000000f578       0x52 ./Core/Src/syscalls.o
 .debug_macro   0x000000000000f5ca       0x22 ./Core/Src/syscalls.o
 .debug_macro   0x000000000000f5ec       0x10 ./Core/Src/syscalls.o
 .debug_macro   0x000000000000f5fc       0x52 ./Core/Src/syscalls.o
 .debug_macro   0x000000000000f64e       0xcf ./Core/Src/syscalls.o
 .debug_macro   0x000000000000f71d       0x1c ./Core/Src/syscalls.o
 .debug_macro   0x000000000000f739       0x3d ./Core/Src/syscalls.o
 .debug_macro   0x000000000000f776       0x35 ./Core/Src/syscalls.o
 .debug_macro   0x000000000000f7ab      0x12c ./Core/Src/syscalls.o
 .debug_macro   0x000000000000f8d7       0x16 ./Core/Src/syscalls.o
 .debug_macro   0x000000000000f8ed       0x16 ./Core/Src/syscalls.o
 .debug_macro   0x000000000000f903       0x29 ./Core/Src/syscalls.o
 .debug_macro   0x000000000000f92c       0x10 ./Core/Src/syscalls.o
 .debug_macro   0x000000000000f93c      0x242 ./Core/Src/syscalls.o
 .debug_macro   0x000000000000fb7e       0x1c ./Core/Src/syscalls.o
 .debug_macro   0x000000000000fb9a       0x10 ./Core/Src/syscalls.o
 .debug_macro   0x000000000000fbaa      0x18a ./Core/Src/syscalls.o
 .debug_macro   0x000000000000fd34       0x16 ./Core/Src/syscalls.o
 .debug_macro   0x000000000000fd4a       0xce ./Core/Src/syscalls.o
 .debug_macro   0x000000000000fe18       0xff ./Core/Src/sysmem.o
 .debug_macro   0x000000000000ff17      0x23c ./Core/Src/sysmem.o
 .debug_macro   0x0000000000010153       0xc3 ./Core/Src/system_stm32g0xx.o
 .debug_macro   0x0000000000010216      0x15d ./Core/Src/usart.o
 .debug_macro   0x0000000000010373      0x105 ./Drivers/STM32G0xx_HAL_Driver/Src/stm32g0xx_ll_gpio.o
 .debug_macro   0x0000000000010478      0x12b ./Drivers/STM32G0xx_HAL_Driver/Src/stm32g0xx_ll_gpio.o
 .debug_macro   0x00000000000105a3      0x105 ./Drivers/STM32G0xx_HAL_Driver/Src/stm32g0xx_ll_i2c.o
 .debug_macro   0x00000000000106a8      0x247 ./Drivers/STM32G0xx_HAL_Driver/Src/stm32g0xx_ll_i2c.o
 .debug_macro   0x00000000000108ef      0x102 ./Drivers/STM32G0xx_HAL_Driver/Src/stm32g0xx_ll_rcc.o
 .debug_macro   0x00000000000109f1      0x51a ./Drivers/STM32G0xx_HAL_Driver/Src/stm32g0xx_ll_rcc.o
 .debug_macro   0x0000000000010f0b      0x13e ./Drivers/STM32G0xx_HAL_Driver/Src/stm32g0xx_ll_usart.o
 .debug_macro   0x0000000000011049      0x409 ./Drivers/STM32G0xx_HAL_Driver/Src/stm32g0xx_ll_usart.o
 .debug_macro   0x0000000000011452      0x171 ./Drivers/STM32G0xx_HAL_Driver/Src/stm32g0xx_ll_utils.o
 .debug_macro   0x00000000000115c3       0x54 ./Drivers/STM32G0xx_HAL_Driver/Src/stm32g0xx_ll_utils.o

.debug_line     0x0000000000000000     0x6f96
 .debug_line    0x0000000000000000      0x6f5 ./Core/Src/crc.o
 .debug_line    0x00000000000006f5      0x6bd ./Core/Src/gpio.o
 .debug_line    0x0000000000000db2      0x761 ./Core/Src/i2c.o
 .debug_line    0x0000000000001513      0xb90 ./Core/Src/main.o
 .debug_line    0x00000000000020a3      0x6b9 ./Core/Src/stm32g0xx_it.o
 .debug_line    0x000000000000275c      0x8b2 ./Core/Src/syscalls.o
 .debug_line    0x000000000000300e      0x583 ./Core/Src/sysmem.o
 .debug_line    0x0000000000003591      0x56f ./Core/Src/system_stm32g0xx.o
 .debug_line    0x0000000000003b00      0x85f ./Core/Src/usart.o
 .debug_line    0x000000000000435f       0x7b ./Core/Startup/startup_stm32g031f6px.o
 .debug_line    0x00000000000043da      0x6da ./Drivers/STM32G0xx_HAL_Driver/Src/stm32g0xx_ll_gpio.o
 .debug_line    0x0000000000004ab4      0x6eb ./Drivers/STM32G0xx_HAL_Driver/Src/stm32g0xx_ll_i2c.o
 .debug_line    0x000000000000519f      0xcd0 ./Drivers/STM32G0xx_HAL_Driver/Src/stm32g0xx_ll_rcc.o
 .debug_line    0x0000000000005e6f      0x77b ./Drivers/STM32G0xx_HAL_Driver/Src/stm32g0xx_ll_usart.o
 .debug_line    0x00000000000065ea      0x9ac ./Drivers/STM32G0xx_HAL_Driver/Src/stm32g0xx_ll_utils.o

.debug_str      0x0000000000000000    0x5938d
 .debug_str     0x0000000000000000    0x506e6 ./Core/Src/crc.o
                                      0x50892 (size before relaxing)
 .debug_str     0x00000000000506e6       0xf0 ./Core/Src/gpio.o
                                      0x50895 (size before relaxing)
 .debug_str     0x00000000000507d6      0x17e ./Core/Src/i2c.o
                                      0x509e1 (size before relaxing)
 .debug_str     0x0000000000050954     0x3ebe ./Core/Src/main.o
                                      0x547f0 (size before relaxing)
 .debug_str     0x0000000000054812       0x76 ./Core/Src/stm32g0xx_it.o
                                      0x50734 (size before relaxing)
 .debug_str     0x0000000000054888     0x20e8 ./Core/Src/syscalls.o
                                       0x9892 (size before relaxing)
 .debug_str     0x0000000000056970       0x6b ./Core/Src/sysmem.o
                                       0x6049 (size before relaxing)
 .debug_str     0x00000000000569db       0x7e ./Core/Src/system_stm32g0xx.o
                                      0x450b9 (size before relaxing)
 .debug_str     0x0000000000056a59      0x1ad ./Core/Src/usart.o
                                      0x50a63 (size before relaxing)
 .debug_str     0x0000000000056c06       0x34 ./Core/Startup/startup_stm32g031f6px.o
                                         0x77 (size before relaxing)
 .debug_str     0x0000000000056c3a      0x550 ./Drivers/STM32G0xx_HAL_Driver/Src/stm32g0xx_ll_gpio.o
                                      0x46345 (size before relaxing)
 .debug_str     0x000000000005718a      0x3ef ./Drivers/STM32G0xx_HAL_Driver/Src/stm32g0xx_ll_i2c.o
                                      0x46abd (size before relaxing)
 .debug_str     0x0000000000057579      0x74e ./Drivers/STM32G0xx_HAL_Driver/Src/stm32g0xx_ll_rcc.o
                                      0x48279 (size before relaxing)
 .debug_str     0x0000000000057cc7      0xa8f ./Drivers/STM32G0xx_HAL_Driver/Src/stm32g0xx_ll_usart.o
                                      0x4a609 (size before relaxing)
 .debug_str     0x0000000000058756      0xc37 ./Drivers/STM32G0xx_HAL_Driver/Src/stm32g0xx_ll_utils.o
                                      0x49e3f (size before relaxing)

.debug_frame    0x0000000000000000     0x1e5c
 .debug_frame   0x0000000000000000       0xec ./Core/Src/crc.o
 .debug_frame   0x00000000000000ec       0x70 ./Core/Src/gpio.o
 .debug_frame   0x000000000000015c      0x110 ./Core/Src/i2c.o
 .debug_frame   0x000000000000026c      0x2e8 ./Core/Src/main.o
 .debug_frame   0x0000000000000554       0x9c ./Core/Src/stm32g0xx_it.o
 .debug_frame   0x00000000000005f0      0x244 ./Core/Src/syscalls.o
 .debug_frame   0x0000000000000834       0x30 ./Core/Src/sysmem.o
 .debug_frame   0x0000000000000864       0x4c ./Core/Src/system_stm32g0xx.o
 .debug_frame   0x00000000000008b0      0x170 ./Core/Src/usart.o
 .debug_frame   0x0000000000000a20      0x170 ./Drivers/STM32G0xx_HAL_Driver/Src/stm32g0xx_ll_gpio.o
 .debug_frame   0x0000000000000b90      0x1d0 ./Drivers/STM32G0xx_HAL_Driver/Src/stm32g0xx_ll_i2c.o
 .debug_frame   0x0000000000000d60      0x540 ./Drivers/STM32G0xx_HAL_Driver/Src/stm32g0xx_ll_rcc.o
 .debug_frame   0x00000000000012a0      0x1d0 ./Drivers/STM32G0xx_HAL_Driver/Src/stm32g0xx_ll_usart.o
 .debug_frame   0x0000000000001470      0x324 ./Drivers/STM32G0xx_HAL_Driver/Src/stm32g0xx_ll_utils.o
 .debug_frame   0x0000000000001794      0x138 C:/ST/STM32CubeIDE_1.14.0/STM32CubeIDE/plugins/com.st.stm32cube.ide.mcu.externaltools.gnu-tools-for-stm32.11.3.rel1.win32_1.1.100.202309141235/tools/bin/../lib/gcc/arm-none-eabi/11.3.1/../../../../arm-none-eabi/lib/thumb/v6-m/nofp\libc_nano.a(libc_a-findfp.o)
 .debug_frame   0x00000000000018cc       0x34 C:/ST/STM32CubeIDE_1.14.0/STM32CubeIDE/plugins/com.st.stm32cube.ide.mcu.externaltools.gnu-tools-for-stm32.11.3.rel1.win32_1.1.100.202309141235/tools/bin/../lib/gcc/arm-none-eabi/11.3.1/../../../../arm-none-eabi/lib/thumb/v6-m/nofp\libc_nano.a(libc_a-fwalk.o)
 .debug_frame   0x0000000000001900       0x44 C:/ST/STM32CubeIDE_1.14.0/STM32CubeIDE/plugins/com.st.stm32cube.ide.mcu.externaltools.gnu-tools-for-stm32.11.3.rel1.win32_1.1.100.202309141235/tools/bin/../lib/gcc/arm-none-eabi/11.3.1/../../../../arm-none-eabi/lib/thumb/v6-m/nofp\libc_nano.a(libc_a-puts.o)
 .debug_frame   0x0000000000001944       0x90 C:/ST/STM32CubeIDE_1.14.0/STM32CubeIDE/plugins/com.st.stm32cube.ide.mcu.externaltools.gnu-tools-for-stm32.11.3.rel1.win32_1.1.100.202309141235/tools/bin/../lib/gcc/arm-none-eabi/11.3.1/../../../../arm-none-eabi/lib/thumb/v6-m/nofp\libc_nano.a(libc_a-stdio.o)
 .debug_frame   0x00000000000019d4       0x48 C:/ST/STM32CubeIDE_1.14.0/STM32CubeIDE/plugins/com.st.stm32cube.ide.mcu.externaltools.gnu-tools-for-stm32.11.3.rel1.win32_1.1.100.202309141235/tools/bin/../lib/gcc/arm-none-eabi/11.3.1/../../../../arm-none-eabi/lib/thumb/v6-m/nofp\libc_nano.a(libc_a-wbuf.o)
 .debug_frame   0x0000000000001a1c       0x2c C:/ST/STM32CubeIDE_1.14.0/STM32CubeIDE/plugins/com.st.stm32cube.ide.mcu.externaltools.gnu-tools-for-stm32.11.3.rel1.win32_1.1.100.202309141235/tools/bin/../lib/gcc/arm-none-eabi/11.3.1/../../../../arm-none-eabi/lib/thumb/v6-m/nofp\libc_nano.a(libc_a-wsetup.o)
 .debug_frame   0x0000000000001a48       0x20 C:/ST/STM32CubeIDE_1.14.0/STM32CubeIDE/plugins/com.st.stm32cube.ide.mcu.externaltools.gnu-tools-for-stm32.11.3.rel1.win32_1.1.100.202309141235/tools/bin/../lib/gcc/arm-none-eabi/11.3.1/../../../../arm-none-eabi/lib/thumb/v6-m/nofp\libc_nano.a(libc_a-memset.o)
 .debug_frame   0x0000000000001a68       0x2c C:/ST/STM32CubeIDE_1.14.0/STM32CubeIDE/plugins/com.st.stm32cube.ide.mcu.externaltools.gnu-tools-for-stm32.11.3.rel1.win32_1.1.100.202309141235/tools/bin/../lib/gcc/arm-none-eabi/11.3.1/../../../../arm-none-eabi/lib/thumb/v6-m/nofp\libc_nano.a(libc_a-closer.o)
 .debug_frame   0x0000000000001a94       0x2c C:/ST/STM32CubeIDE_1.14.0/STM32CubeIDE/plugins/com.st.stm32cube.ide.mcu.externaltools.gnu-tools-for-stm32.11.3.rel1.win32_1.1.100.202309141235/tools/bin/../lib/gcc/arm-none-eabi/11.3.1/../../../../arm-none-eabi/lib/thumb/v6-m/nofp\libc_nano.a(libc_a-reent.o)
 .debug_frame   0x0000000000001ac0       0x2c C:/ST/STM32CubeIDE_1.14.0/STM32CubeIDE/plugins/com.st.stm32cube.ide.mcu.externaltools.gnu-tools-for-stm32.11.3.rel1.win32_1.1.100.202309141235/tools/bin/../lib/gcc/arm-none-eabi/11.3.1/../../../../arm-none-eabi/lib/thumb/v6-m/nofp\libc_nano.a(libc_a-lseekr.o)
 .debug_frame   0x0000000000001aec       0x2c C:/ST/STM32CubeIDE_1.14.0/STM32CubeIDE/plugins/com.st.stm32cube.ide.mcu.externaltools.gnu-tools-for-stm32.11.3.rel1.win32_1.1.100.202309141235/tools/bin/../lib/gcc/arm-none-eabi/11.3.1/../../../../arm-none-eabi/lib/thumb/v6-m/nofp\libc_nano.a(libc_a-readr.o)
 .debug_frame   0x0000000000001b18       0x2c C:/ST/STM32CubeIDE_1.14.0/STM32CubeIDE/plugins/com.st.stm32cube.ide.mcu.externaltools.gnu-tools-for-stm32.11.3.rel1.win32_1.1.100.202309141235/tools/bin/../lib/gcc/arm-none-eabi/11.3.1/../../../../arm-none-eabi/lib/thumb/v6-m/nofp\libc_nano.a(libc_a-writer.o)
 .debug_frame   0x0000000000001b44       0x20 C:/ST/STM32CubeIDE_1.14.0/STM32CubeIDE/plugins/com.st.stm32cube.ide.mcu.externaltools.gnu-tools-for-stm32.11.3.rel1.win32_1.1.100.202309141235/tools/bin/../lib/gcc/arm-none-eabi/11.3.1/../../../../arm-none-eabi/lib/thumb/v6-m/nofp\libc_nano.a(libc_a-errno.o)
 .debug_frame   0x0000000000001b64       0x2c C:/ST/STM32CubeIDE_1.14.0/STM32CubeIDE/plugins/com.st.stm32cube.ide.mcu.externaltools.gnu-tools-for-stm32.11.3.rel1.win32_1.1.100.202309141235/tools/bin/../lib/gcc/arm-none-eabi/11.3.1/../../../../arm-none-eabi/lib/thumb/v6-m/nofp\libc_nano.a(libc_a-init.o)
 .debug_frame   0x0000000000001b90       0xb0 C:/ST/STM32CubeIDE_1.14.0/STM32CubeIDE/plugins/com.st.stm32cube.ide.mcu.externaltools.gnu-tools-for-stm32.11.3.rel1.win32_1.1.100.202309141235/tools/bin/../lib/gcc/arm-none-eabi/11.3.1/../../../../arm-none-eabi/lib/thumb/v6-m/nofp\libc_nano.a(libc_a-lock.o)
 .debug_frame   0x0000000000001c40       0x2c C:/ST/STM32CubeIDE_1.14.0/STM32CubeIDE/plugins/com.st.stm32cube.ide.mcu.externaltools.gnu-tools-for-stm32.11.3.rel1.win32_1.1.100.202309141235/tools/bin/../lib/gcc/arm-none-eabi/11.3.1/../../../../arm-none-eabi/lib/thumb/v6-m/nofp\libc_nano.a(libc_a-freer.o)
 .debug_frame   0x0000000000001c6c       0x50 C:/ST/STM32CubeIDE_1.14.0/STM32CubeIDE/plugins/com.st.stm32cube.ide.mcu.externaltools.gnu-tools-for-stm32.11.3.rel1.win32_1.1.100.202309141235/tools/bin/../lib/gcc/arm-none-eabi/11.3.1/../../../../arm-none-eabi/lib/thumb/v6-m/nofp\libc_nano.a(libc_a-mallocr.o)
 .debug_frame   0x0000000000001cbc       0x40 C:/ST/STM32CubeIDE_1.14.0/STM32CubeIDE/plugins/com.st.stm32cube.ide.mcu.externaltools.gnu-tools-for-stm32.11.3.rel1.win32_1.1.100.202309141235/tools/bin/../lib/gcc/arm-none-eabi/11.3.1/../../../../arm-none-eabi/lib/thumb/v6-m/nofp\libc_nano.a(libc_a-mlock.o)
 .debug_frame   0x0000000000001cfc       0x68 C:/ST/STM32CubeIDE_1.14.0/STM32CubeIDE/plugins/com.st.stm32cube.ide.mcu.externaltools.gnu-tools-for-stm32.11.3.rel1.win32_1.1.100.202309141235/tools/bin/../lib/gcc/arm-none-eabi/11.3.1/../../../../arm-none-eabi/lib/thumb/v6-m/nofp\libc_nano.a(libc_a-fflush.o)
 .debug_frame   0x0000000000001d64       0x54 C:/ST/STM32CubeIDE_1.14.0/STM32CubeIDE/plugins/com.st.stm32cube.ide.mcu.externaltools.gnu-tools-for-stm32.11.3.rel1.win32_1.1.100.202309141235/tools/bin/../lib/gcc/arm-none-eabi/11.3.1/../../../../arm-none-eabi/lib/thumb/v6-m/nofp\libc_nano.a(libc_a-makebuf.o)
 .debug_frame   0x0000000000001db8       0x2c C:/ST/STM32CubeIDE_1.14.0/STM32CubeIDE/plugins/com.st.stm32cube.ide.mcu.externaltools.gnu-tools-for-stm32.11.3.rel1.win32_1.1.100.202309141235/tools/bin/../lib/gcc/arm-none-eabi/11.3.1/../../../../arm-none-eabi/lib/thumb/v6-m/nofp\libc_nano.a(libc_a-fstatr.o)
 .debug_frame   0x0000000000001de4       0x2c C:/ST/STM32CubeIDE_1.14.0/STM32CubeIDE/plugins/com.st.stm32cube.ide.mcu.externaltools.gnu-tools-for-stm32.11.3.rel1.win32_1.1.100.202309141235/tools/bin/../lib/gcc/arm-none-eabi/11.3.1/../../../../arm-none-eabi/lib/thumb/v6-m/nofp\libc_nano.a(libc_a-isattyr.o)
 .debug_frame   0x0000000000001e10       0x2c C:/ST/STM32CubeIDE_1.14.0/STM32CubeIDE/plugins/com.st.stm32cube.ide.mcu.externaltools.gnu-tools-for-stm32.11.3.rel1.win32_1.1.100.202309141235/tools/bin/../lib/gcc/arm-none-eabi/11.3.1/../../../../arm-none-eabi/lib/thumb/v6-m/nofp\libc_nano.a(libc_a-sbrkr.o)
 .debug_frame   0x0000000000001e3c       0x20 C:/ST/STM32CubeIDE_1.14.0/STM32CubeIDE/plugins/com.st.stm32cube.ide.mcu.externaltools.gnu-tools-for-stm32.11.3.rel1.win32_1.1.100.202309141235/tools/bin/../lib/gcc/arm-none-eabi/11.3.1/thumb/v6-m/nofp\libgcc.a(_udivsi3.o)

.debug_line_str
                0x0000000000000000       0x6b
 .debug_line_str
                0x0000000000000000       0x6b ./Core/Startup/startup_stm32g031f6px.o
                                         0x83 (size before relaxing)
